Device: cuda
Building datasets...
Temporal split:  train=264  val=0  test=72
Fitting normalisation on 264 samples...
  50/264
  100/264
  150/264
  200/264
  250/264
Done.
  emission  mean=5.6840  std=1.1291
  pm25      per-level  mean[0]=2.3826e+00  mean[-1]=1.1283e+00
Temporal split:  train=264  val=0  test=72
Tile-holdout: train 15 tiles (exclude (0, 400)); augment=False free_crop=False; test_tile=[0, 200, 400, 600]; train N=264 test N=72
Model: UNet3D  base_ch=16  params: 403,458
No val set — using train loss for scheduler and checkpoint selection.

Training for 300 epochs...
  batch 10/33  loss=2.6658
  batch 20/33  loss=2.7400
  batch 30/33  loss=2.1666
Epoch   1/300  train=2.393e+00  rmse=3.8274  lr=1.0e-04  72s
  -> best  monitor=2.393e+00
  batch 10/33  loss=1.9952
  batch 20/33  loss=1.9722
  batch 30/33  loss=1.8366
Epoch   2/300  train=2.052e+00  rmse=4.3141  lr=1.0e-04  72s
  -> best  monitor=2.052e+00
  batch 10/33  loss=1.8338
  batch 20/33  loss=1.9855
  batch 30/33  loss=1.9906
Epoch   3/300  train=1.943e+00  rmse=4.1016  lr=1.0e-04  73s
  -> best  monitor=1.943e+00
  batch 10/33  loss=1.6512
  batch 20/33  loss=1.8233
  batch 30/33  loss=2.4276
Epoch   4/300  train=1.846e+00  rmse=4.3271  lr=1.0e-04  72s
  -> best  monitor=1.846e+00
  batch 10/33  loss=1.4571
  batch 20/33  loss=1.1407
  batch 30/33  loss=1.9905
Epoch   5/300  train=1.685e+00  rmse=3.3787  lr=1.0e-04  73s
  -> best  monitor=1.685e+00
  batch 10/33  loss=2.0822
  batch 20/33  loss=1.5629
  batch 30/33  loss=1.4634
Epoch   6/300  train=1.592e+00  rmse=3.4853  lr=1.0e-04  72s
  -> best  monitor=1.592e+00
  batch 10/33  loss=2.0930
  batch 20/33  loss=1.5196
  batch 30/33  loss=1.4754
Epoch   7/300  train=1.533e+00  rmse=3.4666  lr=1.0e-04  74s
  -> best  monitor=1.533e+00
  batch 10/33  loss=1.3007
  batch 20/33  loss=2.3714
  batch 30/33  loss=1.3197
Epoch   8/300  train=1.479e+00  rmse=3.4268  lr=1.0e-04  74s
  -> best  monitor=1.479e+00
  batch 10/33  loss=1.1053
  batch 20/33  loss=1.4156
  batch 30/33  loss=1.2236
Epoch   9/300  train=1.428e+00  rmse=3.7582  lr=1.0e-04  72s
  -> best  monitor=1.428e+00
  batch 10/33  loss=1.4036
  batch 20/33  loss=1.2872
  batch 30/33  loss=1.1848
Epoch  10/300  train=1.360e+00  rmse=3.0951  lr=1.0e-04  74s
  -> best  monitor=1.360e+00
  batch 10/33  loss=1.1879
  batch 20/33  loss=1.4821
  batch 30/33  loss=1.6769
Epoch  11/300  train=1.315e+00  rmse=3.3972  lr=1.0e-04  75s
  -> best  monitor=1.315e+00
  batch 10/33  loss=1.2451
  batch 20/33  loss=1.0813
  batch 30/33  loss=1.0954
Epoch  12/300  train=1.254e+00  rmse=2.7341  lr=1.0e-04  74s
  -> best  monitor=1.254e+00
  batch 10/33  loss=1.0205
  batch 20/33  loss=1.0583
  batch 30/33  loss=1.2253
Epoch  13/300  train=1.217e+00  rmse=2.5658  lr=1.0e-04  71s
  -> best  monitor=1.217e+00
  batch 10/33  loss=1.0058
  batch 20/33  loss=1.0676
  batch 30/33  loss=1.3219
Epoch  14/300  train=1.179e+00  rmse=2.5225  lr=1.0e-04  71s
  -> best  monitor=1.179e+00
  batch 10/33  loss=1.0233
  batch 20/33  loss=1.1634
  batch 30/33  loss=1.4767
Epoch  15/300  train=1.185e+00  rmse=2.5892  lr=1.0e-04  70s
  batch 10/33  loss=1.2022
  batch 20/33  loss=1.3088
  batch 30/33  loss=1.1587
Epoch  16/300  train=1.204e+00  rmse=3.5446  lr=1.0e-04  71s
  batch 10/33  loss=1.1263
  batch 20/33  loss=1.1866
  batch 30/33  loss=1.0769
Epoch  17/300  train=1.166e+00  rmse=2.8776  lr=1.0e-04  70s
  -> best  monitor=1.166e+00
  batch 10/33  loss=1.0785
  batch 20/33  loss=1.0864
  batch 30/33  loss=1.1893
Epoch  18/300  train=1.177e+00  rmse=3.4821  lr=1.0e-04  71s
  batch 10/33  loss=0.9779
  batch 20/33  loss=1.1456
  batch 30/33  loss=0.9803
Epoch  19/300  train=1.098e+00  rmse=2.3739  lr=1.0e-04  70s
  -> best  monitor=1.098e+00
  batch 10/33  loss=1.0141
  batch 20/33  loss=1.1230
  batch 30/33  loss=0.9298
Epoch  20/300  train=1.094e+00  rmse=2.0938  lr=1.0e-04  71s
  -> best  monitor=1.094e+00
  batch 10/33  loss=0.9825
  batch 20/33  loss=1.0701
  batch 30/33  loss=1.2258
Epoch  21/300  train=1.141e+00  rmse=3.0114  lr=1.0e-04  70s
  batch 10/33  loss=1.1391
  batch 20/33  loss=1.2247
  batch 30/33  loss=1.2108
Epoch  22/300  train=1.087e+00  rmse=2.5908  lr=1.0e-04  70s
  -> best  monitor=1.087e+00
  batch 10/33  loss=0.8745
  batch 20/33  loss=1.2264
  batch 30/33  loss=0.9391
Epoch  23/300  train=1.083e+00  rmse=2.2667  lr=1.0e-04  71s
  -> best  monitor=1.083e+00
  batch 10/33  loss=0.9562
  batch 20/33  loss=1.1000
  batch 30/33  loss=1.0950
Epoch  24/300  train=1.091e+00  rmse=3.1339  lr=1.0e-04  71s
  batch 10/33  loss=0.9283
  batch 20/33  loss=1.1106
  batch 30/33  loss=0.9962
Epoch  25/300  train=1.012e+00  rmse=1.9174  lr=1.0e-04  70s
  -> best  monitor=1.012e+00
  batch 10/33  loss=0.9857
  batch 20/33  loss=0.8606
  batch 30/33  loss=0.9193
Epoch  26/300  train=1.029e+00  rmse=2.1927  lr=1.0e-04  70s
  batch 10/33  loss=0.9914
  batch 20/33  loss=1.0490
  batch 30/33  loss=1.0789
Epoch  27/300  train=1.014e+00  rmse=2.5640  lr=1.0e-04  70s
  batch 10/33  loss=1.1480
  batch 20/33  loss=0.9745
  batch 30/33  loss=0.9885
Epoch  28/300  train=1.050e+00  rmse=2.2971  lr=1.0e-04  70s
  batch 10/33  loss=0.9225
  batch 20/33  loss=0.8154
  batch 30/33  loss=1.0586
Epoch  29/300  train=1.005e+00  rmse=2.7945  lr=1.0e-04  71s
  -> best  monitor=1.005e+00
  batch 10/33  loss=0.9469
  batch 20/33  loss=0.8366
  batch 30/33  loss=1.0592
Epoch  30/300  train=1.058e+00  rmse=2.7883  lr=1.0e-04  70s
  batch 10/33  loss=1.0057
  batch 20/33  loss=0.7755
  batch 30/33  loss=0.8266
Epoch  31/300  train=1.044e+00  rmse=2.8854  lr=1.0e-04  71s
  batch 10/33  loss=0.9540
  batch 20/33  loss=1.0426
  batch 30/33  loss=1.0136
Epoch  32/300  train=9.828e-01  rmse=2.1769  lr=1.0e-04  71s
  -> best  monitor=9.828e-01
  batch 10/33  loss=0.8620
  batch 20/33  loss=1.2800
  batch 30/33  loss=0.9964
Epoch  33/300  train=9.801e-01  rmse=2.5027  lr=1.0e-04  71s
  -> best  monitor=9.801e-01
  batch 10/33  loss=1.1714
  batch 20/33  loss=0.7841
  batch 30/33  loss=1.3404
Epoch  34/300  train=9.902e-01  rmse=2.5083  lr=1.0e-04  70s
  batch 10/33  loss=1.2982
  batch 20/33  loss=0.8030
  batch 30/33  loss=0.9447
Epoch  35/300  train=9.842e-01  rmse=2.3734  lr=1.0e-04  70s
  batch 10/33  loss=0.8117
  batch 20/33  loss=1.1250
  batch 30/33  loss=0.8378
Epoch  36/300  train=9.521e-01  rmse=2.8171  lr=1.0e-04  72s
  -> best  monitor=9.521e-01
  batch 10/33  loss=1.0806
  batch 20/33  loss=0.9499
  batch 30/33  loss=0.8938
Epoch  37/300  train=9.666e-01  rmse=2.9405  lr=1.0e-04  73s
  batch 10/33  loss=0.9298
  batch 20/33  loss=1.1137
  batch 30/33  loss=0.7965
Epoch  38/300  train=9.655e-01  rmse=2.1236  lr=1.0e-04  74s
  batch 10/33  loss=0.9172
  batch 20/33  loss=0.8777
  batch 30/33  loss=0.9073
Epoch  39/300  train=9.631e-01  rmse=2.4243  lr=1.0e-04  73s
  batch 10/33  loss=0.9591
  batch 20/33  loss=0.9745
  batch 30/33  loss=1.0607
Epoch  40/300  train=9.319e-01  rmse=2.2375  lr=1.0e-04  71s
  -> best  monitor=9.319e-01
  batch 10/33  loss=1.1189
  batch 20/33  loss=1.1158
  batch 30/33  loss=1.0149
Epoch  41/300  train=9.443e-01  rmse=2.1676  lr=1.0e-04  70s
  batch 10/33  loss=0.7963
  batch 20/33  loss=0.8185
  batch 30/33  loss=0.9683
Epoch  42/300  train=9.413e-01  rmse=3.1297  lr=1.0e-04  71s
  batch 10/33  loss=0.9899
  batch 20/33  loss=0.8677
  batch 30/33  loss=0.7514
Epoch  43/300  train=9.393e-01  rmse=2.8187  lr=1.0e-04  70s
  batch 10/33  loss=1.0193
  batch 20/33  loss=0.9215
  batch 30/33  loss=0.8730
Epoch  44/300  train=9.458e-01  rmse=2.8964  lr=1.0e-04  71s
  batch 10/33  loss=0.9434
  batch 20/33  loss=1.0322
  batch 30/33  loss=0.9844
Epoch  45/300  train=9.221e-01  rmse=1.8748  lr=1.0e-04  71s
  -> best  monitor=9.221e-01
  batch 10/33  loss=0.8748
  batch 20/33  loss=0.9428
  batch 30/33  loss=0.9307
Epoch  46/300  train=9.082e-01  rmse=1.9955  lr=1.0e-04  72s
  -> best  monitor=9.082e-01
  batch 10/33  loss=1.0427
  batch 20/33  loss=1.0979
  batch 30/33  loss=0.8354
Epoch  47/300  train=9.087e-01  rmse=1.9445  lr=1.0e-04  72s
  batch 10/33  loss=0.8378
  batch 20/33  loss=0.9788
  batch 30/33  loss=0.8436
Epoch  48/300  train=9.186e-01  rmse=2.2728  lr=1.0e-04  73s
  batch 10/33  loss=0.8849
  batch 20/33  loss=0.7651
  batch 30/33  loss=0.9073
Epoch  49/300  train=9.363e-01  rmse=2.2520  lr=1.0e-04  73s
  batch 10/33  loss=0.7706
  batch 20/33  loss=0.9219
  batch 30/33  loss=0.9386
Epoch  50/300  train=9.171e-01  rmse=2.0966  lr=1.0e-04  72s
  batch 10/33  loss=0.7098
  batch 20/33  loss=0.7877
  batch 30/33  loss=0.8220
Epoch  51/300  train=9.073e-01  rmse=2.2338  lr=1.0e-04  71s
  -> best  monitor=9.073e-01
  batch 10/33  loss=0.9502
  batch 20/33  loss=0.8976
  batch 30/33  loss=0.7840
Epoch  52/300  train=9.049e-01  rmse=2.4285  lr=1.0e-04  71s
  -> best  monitor=9.049e-01
  batch 10/33  loss=0.6664
  batch 20/33  loss=0.7788
  batch 30/33  loss=0.9495
Epoch  53/300  train=9.011e-01  rmse=2.2099  lr=1.0e-04  71s
  -> best  monitor=9.011e-01
  batch 10/33  loss=0.9768
  batch 20/33  loss=0.9875
  batch 30/33  loss=0.9759
Epoch  54/300  train=8.804e-01  rmse=2.0537  lr=1.0e-04  73s
  -> best  monitor=8.804e-01
  batch 10/33  loss=0.9339
  batch 20/33  loss=0.9558
  batch 30/33  loss=1.1266
Epoch  55/300  train=9.066e-01  rmse=2.5486  lr=1.0e-04  73s
  batch 10/33  loss=0.9337
  batch 20/33  loss=0.7749
  batch 30/33  loss=0.7841
Epoch  56/300  train=8.799e-01  rmse=2.3053  lr=1.0e-04  73s
  -> best  monitor=8.799e-01
  batch 10/33  loss=0.8919
  batch 20/33  loss=0.8521
  batch 30/33  loss=1.0994
Epoch  57/300  train=8.883e-01  rmse=2.3247  lr=1.0e-04  72s
  batch 10/33  loss=0.7918
  batch 20/33  loss=0.7211
  batch 30/33  loss=1.1393
Epoch  58/300  train=8.780e-01  rmse=2.0561  lr=1.0e-04  71s
  -> best  monitor=8.780e-01
  batch 10/33  loss=0.6485
  batch 20/33  loss=0.9701
  batch 30/33  loss=0.7901
Epoch  59/300  train=8.569e-01  rmse=1.7771  lr=1.0e-04  71s
  -> best  monitor=8.569e-01
  batch 10/33  loss=1.1428
  batch 20/33  loss=0.7721
  batch 30/33  loss=1.0058
Epoch  60/300  train=8.766e-01  rmse=2.6146  lr=1.0e-04  72s
  batch 10/33  loss=0.8030
  batch 20/33  loss=0.7739
  batch 30/33  loss=0.8026
Epoch  61/300  train=8.695e-01  rmse=2.1036  lr=1.0e-04  71s
  batch 10/33  loss=0.7769
  batch 20/33  loss=0.8805
  batch 30/33  loss=0.9838
Epoch  62/300  train=8.731e-01  rmse=2.2546  lr=1.0e-04  71s
  batch 10/33  loss=0.7449
  batch 20/33  loss=0.8796
  batch 30/33  loss=0.8503
Epoch  63/300  train=8.551e-01  rmse=1.8810  lr=1.0e-04  72s
  -> best  monitor=8.551e-01
  batch 10/33  loss=0.7445
  batch 20/33  loss=0.7883
  batch 30/33  loss=0.7993
Epoch  64/300  train=8.648e-01  rmse=2.4403  lr=1.0e-04  71s
  batch 10/33  loss=0.8475
  batch 20/33  loss=0.8877
  batch 30/33  loss=0.8842
Epoch  65/300  train=8.339e-01  rmse=2.5615  lr=1.0e-04  72s
  -> best  monitor=8.339e-01
  batch 10/33  loss=0.8422
  batch 20/33  loss=1.0243
  batch 30/33  loss=0.8112
Epoch  66/300  train=8.463e-01  rmse=2.2417  lr=1.0e-04  70s
  batch 10/33  loss=0.7753
  batch 20/33  loss=0.8076
  batch 30/33  loss=0.7461
Epoch  67/300  train=8.433e-01  rmse=1.8964  lr=1.0e-04  71s
  batch 10/33  loss=0.9899
  batch 20/33  loss=0.7881
  batch 30/33  loss=0.8089
Epoch  68/300  train=8.967e-01  rmse=2.2501  lr=1.0e-04  70s
  batch 10/33  loss=0.7628
  batch 20/33  loss=0.7423
  batch 30/33  loss=0.8164
Epoch  69/300  train=7.965e-01  rmse=1.9501  lr=1.0e-04  71s
  -> best  monitor=7.965e-01
  batch 10/33  loss=0.8822
  batch 20/33  loss=0.9604
  batch 30/33  loss=0.8090
Epoch  70/300  train=8.535e-01  rmse=1.9872  lr=1.0e-04  72s
  batch 10/33  loss=0.7883
  batch 20/33  loss=0.8103
  batch 30/33  loss=0.8804
Epoch  71/300  train=8.331e-01  rmse=2.1360  lr=1.0e-04  72s
  batch 10/33  loss=0.9155
  batch 20/33  loss=0.8978
  batch 30/33  loss=0.7718
Epoch  72/300  train=8.502e-01  rmse=2.3043  lr=1.0e-04  72s
  batch 10/33  loss=1.1618
  batch 20/33  loss=1.0071
  batch 30/33  loss=0.6784
Epoch  73/300  train=8.378e-01  rmse=2.1354  lr=1.0e-04  71s
  batch 10/33  loss=0.8927
  batch 20/33  loss=0.7311
  batch 30/33  loss=0.8931
Epoch  74/300  train=8.552e-01  rmse=3.3700  lr=1.0e-04  71s
  batch 10/33  loss=0.6608
  batch 20/33  loss=0.8815
  batch 30/33  loss=0.9528
Epoch  75/300  train=8.483e-01  rmse=2.7066  lr=1.0e-04  71s
  batch 10/33  loss=0.8761
  batch 20/33  loss=0.8489
  batch 30/33  loss=0.7507
Epoch  76/300  train=8.319e-01  rmse=1.9999  lr=1.0e-04  71s
  batch 10/33  loss=0.6191
  batch 20/33  loss=0.8623
  batch 30/33  loss=0.8733
Epoch  77/300  train=8.321e-01  rmse=3.0099  lr=1.0e-04  71s
  batch 10/33  loss=0.6732
  batch 20/33  loss=0.8818
  batch 30/33  loss=0.8329
Epoch  78/300  train=8.057e-01  rmse=2.6567  lr=1.0e-04  71s
  batch 10/33  loss=0.7590
  batch 20/33  loss=0.8599
  batch 30/33  loss=0.6833
Epoch  79/300  train=8.171e-01  rmse=2.5454  lr=1.0e-04  70s
  batch 10/33  loss=0.7007
  batch 20/33  loss=0.6385
  batch 30/33  loss=0.8515
Epoch  80/300  train=8.413e-01  rmse=2.5948  lr=5.0e-05  70s
  batch 10/33  loss=0.9398
  batch 20/33  loss=0.8264
  batch 30/33  loss=0.8462
Epoch  81/300  train=8.171e-01  rmse=1.9963  lr=5.0e-05  70s
  batch 10/33  loss=0.8139
  batch 20/33  loss=0.7670
  batch 30/33  loss=1.0967
Epoch  82/300  train=8.177e-01  rmse=2.3622  lr=5.0e-05  71s
  batch 10/33  loss=0.9058
  batch 20/33  loss=0.7558
  batch 30/33  loss=0.8885
Epoch  83/300  train=7.742e-01  rmse=2.1639  lr=5.0e-05  71s
  -> best  monitor=7.742e-01
  batch 10/33  loss=0.7428
  batch 20/33  loss=0.7212
  batch 30/33  loss=0.8127
Epoch  84/300  train=7.986e-01  rmse=1.7285  lr=5.0e-05  71s
  batch 10/33  loss=0.7655
  batch 20/33  loss=1.1407
  batch 30/33  loss=0.6407
Epoch  85/300  train=8.051e-01  rmse=2.4145  lr=5.0e-05  71s
  batch 10/33  loss=0.7351
  batch 20/33  loss=0.8902
  batch 30/33  loss=0.7457
Epoch  86/300  train=7.825e-01  rmse=1.5393  lr=5.0e-05  71s
  batch 10/33  loss=0.7328
  batch 20/33  loss=0.8290
  batch 30/33  loss=0.8266
Epoch  87/300  train=7.953e-01  rmse=2.2479  lr=5.0e-05  70s
  batch 10/33  loss=0.7160
  batch 20/33  loss=0.7251
  batch 30/33  loss=0.7243
Epoch  88/300  train=8.079e-01  rmse=2.5791  lr=5.0e-05  71s
  batch 10/33  loss=0.7447
  batch 20/33  loss=0.7874
  batch 30/33  loss=0.7063
Epoch  89/300  train=8.006e-01  rmse=1.6868  lr=5.0e-05  70s
  batch 10/33  loss=0.8698
  batch 20/33  loss=0.8290
  batch 30/33  loss=0.6091
Epoch  90/300  train=7.946e-01  rmse=2.0722  lr=5.0e-05  71s
  batch 10/33  loss=0.7795
  batch 20/33  loss=0.8267
  batch 30/33  loss=0.7567
Epoch  91/300  train=7.837e-01  rmse=1.9564  lr=5.0e-05  70s
  batch 10/33  loss=0.8413
  batch 20/33  loss=0.8669
  batch 30/33  loss=0.8848
Epoch  92/300  train=8.190e-01  rmse=2.3558  lr=5.0e-05  71s
  batch 10/33  loss=0.7385
  batch 20/33  loss=0.7623
  batch 30/33  loss=0.7332
Epoch  93/300  train=8.098e-01  rmse=2.0435  lr=5.0e-05  71s
  batch 10/33  loss=0.6909
  batch 20/33  loss=1.1333
  batch 30/33  loss=0.6669
Epoch  94/300  train=7.980e-01  rmse=2.3167  lr=2.5e-05  70s
  batch 10/33  loss=0.7670
  batch 20/33  loss=0.6356
  batch 30/33  loss=0.7022
Epoch  95/300  train=8.013e-01  rmse=2.0891  lr=2.5e-05  71s
  batch 10/33  loss=0.9297
  batch 20/33  loss=0.9614
  batch 30/33  loss=0.7396
Epoch  96/300  train=7.974e-01  rmse=2.9830  lr=2.5e-05  71s
  batch 10/33  loss=0.8415
  batch 20/33  loss=0.7758
  batch 30/33  loss=0.7689
Epoch  97/300  train=8.020e-01  rmse=2.3740  lr=2.5e-05  70s
  batch 10/33  loss=0.8685
  batch 20/33  loss=0.8146
  batch 30/33  loss=0.8968
Epoch  98/300  train=7.984e-01  rmse=1.9712  lr=2.5e-05  71s
  batch 10/33  loss=1.1353
  batch 20/33  loss=0.6969
  batch 30/33  loss=1.2412
Epoch  99/300  train=7.863e-01  rmse=1.6846  lr=2.5e-05  71s
  batch 10/33  loss=0.7740
  batch 20/33  loss=0.6725
  batch 30/33  loss=0.7905
Epoch 100/300  train=7.717e-01  rmse=2.1791  lr=2.5e-05  71s
  -> best  monitor=7.717e-01
  batch 10/33  loss=0.7455
  batch 20/33  loss=0.8708
  batch 30/33  loss=0.7424
Epoch 101/300  train=7.526e-01  rmse=1.6113  lr=2.5e-05  71s
  -> best  monitor=7.526e-01
  batch 10/33  loss=0.7210
  batch 20/33  loss=1.0054
  batch 30/33  loss=1.0414
Epoch 102/300  train=7.920e-01  rmse=1.8378  lr=2.5e-05  71s
  batch 10/33  loss=0.6481
  batch 20/33  loss=0.7246
  batch 30/33  loss=0.7977
Epoch 103/300  train=7.534e-01  rmse=2.2267  lr=2.5e-05  71s
  batch 10/33  loss=0.6552
  batch 20/33  loss=0.6104
  batch 30/33  loss=0.9588
Epoch 104/300  train=7.986e-01  rmse=2.3150  lr=2.5e-05  72s
  batch 10/33  loss=0.7474
  batch 20/33  loss=0.6767
  batch 30/33  loss=0.6945
Epoch 105/300  train=7.775e-01  rmse=2.3872  lr=2.5e-05  70s
  batch 10/33  loss=0.7354
  batch 20/33  loss=0.6656
  batch 30/33  loss=0.7974
Epoch 106/300  train=8.060e-01  rmse=2.8525  lr=2.5e-05  70s
  batch 10/33  loss=0.6670
  batch 20/33  loss=0.6009
  batch 30/33  loss=0.6781
Epoch 107/300  train=7.839e-01  rmse=2.2891  lr=2.5e-05  71s
  batch 10/33  loss=0.8275
  batch 20/33  loss=0.6591
  batch 30/33  loss=0.7626
Epoch 108/300  train=7.738e-01  rmse=2.2253  lr=2.5e-05  71s
  batch 10/33  loss=0.8840
  batch 20/33  loss=0.8775
  batch 30/33  loss=0.8149
Epoch 109/300  train=8.044e-01  rmse=2.7479  lr=2.5e-05  71s
  batch 10/33  loss=0.8371
  batch 20/33  loss=0.7109
  batch 30/33  loss=0.7482
Epoch 110/300  train=8.036e-01  rmse=2.0203  lr=2.5e-05  71s
  batch 10/33  loss=0.5681
  batch 20/33  loss=0.8597
  batch 30/33  loss=0.8267
Epoch 111/300  train=7.691e-01  rmse=2.0495  lr=2.5e-05  71s
  batch 10/33  loss=0.9394
  batch 20/33  loss=0.9621
  batch 30/33  loss=0.7343
Epoch 112/300  train=7.800e-01  rmse=2.6455  lr=1.3e-05  70s
  batch 10/33  loss=0.7848
  batch 20/33  loss=0.7125
  batch 30/33  loss=0.8321
Epoch 113/300  train=7.680e-01  rmse=2.5815  lr=1.3e-05  71s
  batch 10/33  loss=0.5878
  batch 20/33  loss=0.6593
  batch 30/33  loss=0.8423
Epoch 114/300  train=7.753e-01  rmse=1.9554  lr=1.3e-05  70s
  batch 10/33  loss=0.7758
  batch 20/33  loss=0.7799
  batch 30/33  loss=0.6230
Epoch 115/300  train=7.789e-01  rmse=2.7560  lr=1.3e-05  71s
  batch 10/33  loss=0.7839
  batch 20/33  loss=0.9446
  batch 30/33  loss=0.7341
Epoch 116/300  train=7.610e-01  rmse=1.9012  lr=1.3e-05  70s
  batch 10/33  loss=0.7726
  batch 20/33  loss=0.6364
  batch 30/33  loss=0.7904
Epoch 117/300  train=7.534e-01  rmse=2.2538  lr=1.3e-05  70s
  batch 10/33  loss=0.8965
  batch 20/33  loss=0.7551
  batch 30/33  loss=0.6900
Epoch 118/300  train=7.978e-01  rmse=2.4095  lr=1.3e-05  70s
  batch 10/33  loss=0.9290
  batch 20/33  loss=0.7580
  batch 30/33  loss=0.7708
Epoch 119/300  train=7.763e-01  rmse=2.4145  lr=1.3e-05  71s
  batch 10/33  loss=0.6537
  batch 20/33  loss=0.8264
  batch 30/33  loss=0.8151
Epoch 120/300  train=7.721e-01  rmse=2.0089  lr=1.3e-05  70s
  batch 10/33  loss=0.8282
  batch 20/33  loss=0.8606
  batch 30/33  loss=0.5764
Epoch 121/300  train=7.444e-01  rmse=1.9813  lr=1.3e-05  70s
  -> best  monitor=7.444e-01
  batch 10/33  loss=0.7114
  batch 20/33  loss=0.7929
  batch 30/33  loss=0.9502
Epoch 122/300  train=7.712e-01  rmse=2.0160  lr=1.3e-05  71s
  batch 10/33  loss=0.7076
  batch 20/33  loss=0.6901
  batch 30/33  loss=0.6893
Epoch 123/300  train=7.611e-01  rmse=2.8751  lr=1.3e-05  71s
  batch 10/33  loss=0.8376
  batch 20/33  loss=0.6637
  batch 30/33  loss=0.5885
Epoch 124/300  train=7.630e-01  rmse=1.9627  lr=1.3e-05  70s
  batch 10/33  loss=0.8833
  batch 20/33  loss=0.9127
  batch 30/33  loss=0.5890
Epoch 125/300  train=7.721e-01  rmse=2.2396  lr=1.3e-05  71s
  batch 10/33  loss=0.6008
  batch 20/33  loss=0.7103
  batch 30/33  loss=0.7370
Epoch 126/300  train=7.615e-01  rmse=2.0921  lr=1.3e-05  70s
  batch 10/33  loss=0.6526
  batch 20/33  loss=0.7044
  batch 30/33  loss=1.0121
Epoch 127/300  train=7.443e-01  rmse=1.8246  lr=1.3e-05  70s
  -> best  monitor=7.443e-01
  batch 10/33  loss=0.7846
  batch 20/33  loss=0.7958
  batch 30/33  loss=0.8818
Epoch 128/300  train=7.883e-01  rmse=2.3415  lr=1.3e-05  71s
  batch 10/33  loss=0.7878
  batch 20/33  loss=0.7152
  batch 30/33  loss=0.7452
Epoch 129/300  train=7.492e-01  rmse=1.8298  lr=1.3e-05  70s
  batch 10/33  loss=0.6474
  batch 20/33  loss=0.7901
  batch 30/33  loss=0.8144
Epoch 130/300  train=7.681e-01  rmse=2.0193  lr=1.3e-05  72s
  batch 10/33  loss=0.7734
  batch 20/33  loss=0.7391
  batch 30/33  loss=0.8874
Epoch 131/300  train=7.805e-01  rmse=1.9416  lr=1.3e-05  71s
  batch 10/33  loss=0.8086
  batch 20/33  loss=0.6842
  batch 30/33  loss=0.8404
Epoch 132/300  train=7.741e-01  rmse=1.9962  lr=1.3e-05  70s
  batch 10/33  loss=0.6860
  batch 20/33  loss=0.6699
  batch 30/33  loss=0.7507
Epoch 133/300  train=7.868e-01  rmse=2.0716  lr=1.3e-05  70s
  batch 10/33  loss=0.8163
  batch 20/33  loss=0.6888
  batch 30/33  loss=0.6703
Epoch 134/300  train=7.680e-01  rmse=2.4975  lr=1.3e-05  70s
  batch 10/33  loss=1.0063
  batch 20/33  loss=0.6883
  batch 30/33  loss=0.7204
Epoch 135/300  train=7.715e-01  rmse=2.8230  lr=1.3e-05  71s
  batch 10/33  loss=0.8115
  batch 20/33  loss=0.7737
  batch 30/33  loss=0.6453
Epoch 136/300  train=7.449e-01  rmse=2.2069  lr=1.3e-05  71s
  batch 10/33  loss=0.6976
  batch 20/33  loss=0.7724
  batch 30/33  loss=0.8485
Epoch 137/300  train=7.844e-01  rmse=1.8570  lr=1.3e-05  70s
  batch 10/33  loss=0.8936
  batch 20/33  loss=0.6879
  batch 30/33  loss=0.9340
Epoch 138/300  train=7.945e-01  rmse=2.8192  lr=6.3e-06  71s
  batch 10/33  loss=0.7554
  batch 20/33  loss=0.8038
  batch 30/33  loss=0.6852
Epoch 139/300  train=7.722e-01  rmse=2.2241  lr=6.3e-06  70s
  batch 10/33  loss=0.7229
  batch 20/33  loss=0.7020
  batch 30/33  loss=1.0981
Epoch 140/300  train=7.694e-01  rmse=2.4298  lr=6.3e-06  71s
  batch 10/33  loss=0.7531
  batch 20/33  loss=0.7925
  batch 30/33  loss=0.9132
Epoch 141/300  train=7.584e-01  rmse=1.7782  lr=6.3e-06  71s
  batch 10/33  loss=0.8446
  batch 20/33  loss=0.7531
  batch 30/33  loss=0.6416
Epoch 142/300  train=7.582e-01  rmse=1.9879  lr=6.3e-06  71s
  batch 10/33  loss=0.7299
  batch 20/33  loss=0.8239
  batch 30/33  loss=0.7076
Epoch 143/300  train=7.617e-01  rmse=1.7380  lr=6.3e-06  70s
  batch 10/33  loss=0.8663
  batch 20/33  loss=0.7629
  batch 30/33  loss=0.7601
Epoch 144/300  train=7.956e-01  rmse=2.0742  lr=6.3e-06  71s
  batch 10/33  loss=0.7103
  batch 20/33  loss=0.9080
  batch 30/33  loss=0.7758
Epoch 145/300  train=7.297e-01  rmse=1.5294  lr=6.3e-06  71s
  -> best  monitor=7.297e-01
  batch 10/33  loss=0.7801
  batch 20/33  loss=0.7111
  batch 30/33  loss=0.6952
Epoch 146/300  train=7.777e-01  rmse=2.5231  lr=6.3e-06  71s
  batch 10/33  loss=0.6155
  batch 20/33  loss=0.8455
  batch 30/33  loss=0.6160
Epoch 147/300  train=7.603e-01  rmse=1.7501  lr=6.3e-06  71s
  batch 10/33  loss=0.7194
  batch 20/33  loss=0.7839
  batch 30/33  loss=0.7280
Epoch 148/300  train=7.650e-01  rmse=2.5629  lr=6.3e-06  70s
  batch 10/33  loss=0.8765
  batch 20/33  loss=0.7185
  batch 30/33  loss=0.6701
Epoch 149/300  train=7.867e-01  rmse=1.9031  lr=6.3e-06  70s
  batch 10/33  loss=0.7935
  batch 20/33  loss=1.1038
  batch 30/33  loss=0.8010
Epoch 150/300  train=7.754e-01  rmse=1.6566  lr=6.3e-06  70s
  batch 10/33  loss=0.6421
  batch 20/33  loss=0.8355
  batch 30/33  loss=0.6361
Epoch 151/300  train=7.527e-01  rmse=1.8764  lr=6.3e-06  70s
  batch 10/33  loss=0.6896
  batch 20/33  loss=0.7286
  batch 30/33  loss=0.6781
Epoch 152/300  train=7.551e-01  rmse=1.6309  lr=6.3e-06  70s
  batch 10/33  loss=0.7640
  batch 20/33  loss=0.6136
  batch 30/33  loss=0.7170
Epoch 153/300  train=7.778e-01  rmse=1.8940  lr=6.3e-06  71s
  batch 10/33  loss=0.8690
  batch 20/33  loss=0.6757
  batch 30/33  loss=0.6642
Epoch 154/300  train=7.539e-01  rmse=2.3150  lr=6.3e-06  71s
  batch 10/33  loss=0.7569
  batch 20/33  loss=0.8452
  batch 30/33  loss=0.6885
Epoch 155/300  train=7.839e-01  rmse=2.3503  lr=6.3e-06  70s
  batch 10/33  loss=0.7888
  batch 20/33  loss=0.7100
  batch 30/33  loss=0.8057
Epoch 156/300  train=7.670e-01  rmse=1.6986  lr=3.1e-06  71s
  batch 10/33  loss=0.5478
  batch 20/33  loss=0.7477
  batch 30/33  loss=0.9266
Epoch 157/300  train=7.411e-01  rmse=1.8779  lr=3.1e-06  70s
  batch 10/33  loss=0.5426
  batch 20/33  loss=0.8443
  batch 30/33  loss=0.7726
Epoch 158/300  train=7.587e-01  rmse=1.8924  lr=3.1e-06  71s
  batch 10/33  loss=0.7641
  batch 20/33  loss=0.8117
  batch 30/33  loss=0.9323
Epoch 159/300  train=7.559e-01  rmse=2.0411  lr=3.1e-06  70s
  batch 10/33  loss=0.7296
  batch 20/33  loss=0.9291
  batch 30/33  loss=0.6050
Epoch 160/300  train=7.515e-01  rmse=2.4827  lr=3.1e-06  70s
  batch 10/33  loss=0.8104
  batch 20/33  loss=0.9897
  batch 30/33  loss=0.6961
Epoch 161/300  train=7.482e-01  rmse=2.0817  lr=3.1e-06  71s
  batch 10/33  loss=0.8799
  batch 20/33  loss=0.6093
  batch 30/33  loss=0.7329
Epoch 162/300  train=7.575e-01  rmse=2.4678  lr=3.1e-06  70s
  batch 10/33  loss=0.7440
  batch 20/33  loss=1.0279
  batch 30/33  loss=0.8021
Epoch 163/300  train=7.479e-01  rmse=1.8226  lr=3.1e-06  71s
  batch 10/33  loss=0.8039
  batch 20/33  loss=0.7444
  batch 30/33  loss=0.7730
Epoch 164/300  train=7.677e-01  rmse=2.8774  lr=3.1e-06  71s
  batch 10/33  loss=0.6846
  batch 20/33  loss=0.6547
  batch 30/33  loss=0.8531
Epoch 165/300  train=7.652e-01  rmse=1.5598  lr=3.1e-06  70s
  batch 10/33  loss=0.9474
  batch 20/33  loss=0.6911
  batch 30/33  loss=0.6364
Epoch 166/300  train=7.720e-01  rmse=2.5347  lr=3.1e-06  71s
  batch 10/33  loss=0.8289
  batch 20/33  loss=0.7609
  batch 30/33  loss=0.6406
Epoch 167/300  train=7.597e-01  rmse=2.3270  lr=1.6e-06  70s
  batch 10/33  loss=0.7408
  batch 20/33  loss=0.7917
  batch 30/33  loss=0.7902
Epoch 168/300  train=7.557e-01  rmse=2.0871  lr=1.6e-06  70s
  batch 10/33  loss=0.8672
  batch 20/33  loss=0.8755
  batch 30/33  loss=0.5328
Epoch 169/300  train=7.575e-01  rmse=1.8568  lr=1.6e-06  70s
  batch 10/33  loss=0.6578
  batch 20/33  loss=0.7464
  batch 30/33  loss=0.7341
Epoch 170/300  train=7.614e-01  rmse=2.1802  lr=1.6e-06  71s
  batch 10/33  loss=0.6665
  batch 20/33  loss=0.8112
  batch 30/33  loss=0.9194
Epoch 171/300  train=7.670e-01  rmse=1.9018  lr=1.6e-06  71s
  batch 10/33  loss=0.6857
  batch 20/33  loss=0.7041
  batch 30/33  loss=0.6518
Epoch 172/300  train=7.780e-01  rmse=2.6682  lr=1.6e-06  70s
  batch 10/33  loss=0.7736
  batch 20/33  loss=0.6269
  batch 30/33  loss=0.7177
Epoch 173/300  train=7.587e-01  rmse=2.2345  lr=1.6e-06  71s
  batch 10/33  loss=0.6863
  batch 20/33  loss=0.7033
  batch 30/33  loss=0.7281
Epoch 174/300  train=7.912e-01  rmse=2.5638  lr=1.6e-06  70s
  batch 10/33  loss=0.7984
  batch 20/33  loss=0.7922
  batch 30/33  loss=0.6569
Epoch 175/300  train=7.808e-01  rmse=2.5111  lr=1.6e-06  71s
  batch 10/33  loss=0.8420
  batch 20/33  loss=0.6871
  batch 30/33  loss=0.7043
Epoch 176/300  train=7.620e-01  rmse=2.2725  lr=1.6e-06  72s
  batch 10/33  loss=0.7118
  batch 20/33  loss=0.9388
  batch 30/33  loss=0.7161
Epoch 177/300  train=7.820e-01  rmse=2.2596  lr=1.6e-06  70s
  batch 10/33  loss=0.6940
  batch 20/33  loss=0.5954
  batch 30/33  loss=0.8053
Epoch 178/300  train=7.447e-01  rmse=2.5295  lr=1.0e-06  71s
  batch 10/33  loss=0.5988
  batch 20/33  loss=0.8330
  batch 30/33  loss=0.7539
Epoch 179/300  train=7.725e-01  rmse=2.2629  lr=1.0e-06  70s
  batch 10/33  loss=0.9077
  batch 20/33  loss=1.0638
  batch 30/33  loss=0.6215
Epoch 180/300  train=7.759e-01  rmse=2.4482  lr=1.0e-06  71s
  batch 10/33  loss=0.5973
  batch 20/33  loss=0.8965
  batch 30/33  loss=0.8265
Epoch 181/300  train=7.576e-01  rmse=2.3193  lr=1.0e-06  70s
  batch 10/33  loss=0.8195
  batch 20/33  loss=0.6805
  batch 30/33  loss=0.7426
Epoch 182/300  train=7.392e-01  rmse=2.1270  lr=1.0e-06  70s
  batch 10/33  loss=0.7167
  batch 20/33  loss=0.6832
  batch 30/33  loss=0.7230
Epoch 183/300  train=7.811e-01  rmse=2.8205  lr=1.0e-06  70s
  batch 10/33  loss=0.7462
  batch 20/33  loss=0.8630
  batch 30/33  loss=0.8294
Epoch 184/300  train=7.579e-01  rmse=2.2861  lr=1.0e-06  71s
  batch 10/33  loss=0.7593
  batch 20/33  loss=0.6547
  batch 30/33  loss=0.8971
Epoch 185/300  train=7.699e-01  rmse=1.9902  lr=1.0e-06  70s
  batch 10/33  loss=0.5620
  batch 20/33  loss=0.7371
  batch 30/33  loss=0.9090
Epoch 186/300  train=7.567e-01  rmse=2.6410  lr=1.0e-06  70s
  batch 10/33  loss=0.9540
  batch 20/33  loss=0.6058
  batch 30/33  loss=0.7460
Epoch 187/300  train=7.619e-01  rmse=2.3369  lr=1.0e-06  71s
  batch 10/33  loss=0.7051
  batch 20/33  loss=0.6497
  batch 30/33  loss=0.7462
Epoch 188/300  train=7.632e-01  rmse=2.0951  lr=1.0e-06  71s
  batch 10/33  loss=0.7363
  batch 20/33  loss=0.6557
  batch 30/33  loss=0.8316
Epoch 189/300  train=7.610e-01  rmse=2.2022  lr=1.0e-06  71s
  batch 10/33  loss=0.8752
  batch 20/33  loss=0.7417
  batch 30/33  loss=0.8300
Epoch 190/300  train=7.782e-01  rmse=2.2206  lr=1.0e-06  71s
  batch 10/33  loss=0.6985
  batch 20/33  loss=0.6629
  batch 30/33  loss=0.8175
Epoch 191/300  train=7.527e-01  rmse=2.2428  lr=1.0e-06  71s
  batch 10/33  loss=0.7882
  batch 20/33  loss=0.6417
  batch 30/33  loss=0.8925
Epoch 192/300  train=7.624e-01  rmse=2.0401  lr=1.0e-06  71s
  batch 10/33  loss=0.6267
  batch 20/33  loss=0.6506
  batch 30/33  loss=0.6874
Epoch 193/300  train=7.324e-01  rmse=2.0456  lr=1.0e-06  70s
  batch 10/33  loss=0.7883
  batch 20/33  loss=0.7284
  batch 30/33  loss=0.7120
Epoch 194/300  train=7.719e-01  rmse=2.2443  lr=1.0e-06  71s
  batch 10/33  loss=0.8327
  batch 20/33  loss=0.8358
  batch 30/33  loss=0.6101
Epoch 195/300  train=7.616e-01  rmse=2.2915  lr=1.0e-06  71s
  batch 10/33  loss=0.7024
  batch 20/33  loss=0.8040
  batch 30/33  loss=0.6362
Epoch 196/300  train=7.802e-01  rmse=2.6876  lr=1.0e-06  70s
  batch 10/33  loss=0.6119
  batch 20/33  loss=1.0065
  batch 30/33  loss=0.6274
Epoch 197/300  train=7.401e-01  rmse=1.8484  lr=1.0e-06  71s
  batch 10/33  loss=0.7137
  batch 20/33  loss=0.7157
  batch 30/33  loss=0.8074
Epoch 198/300  train=7.502e-01  rmse=2.4032  lr=1.0e-06  70s
  batch 10/33  loss=0.7285
  batch 20/33  loss=0.9105
  batch 30/33  loss=0.6996
Epoch 199/300  train=7.510e-01  rmse=1.9436  lr=1.0e-06  70s
  batch 10/33  loss=0.7114
  batch 20/33  loss=0.8380
  batch 30/33  loss=0.6509
Epoch 200/300  train=7.608e-01  rmse=1.7716  lr=1.0e-06  71s
  batch 10/33  loss=0.8537
  batch 20/33  loss=0.7093
  batch 30/33  loss=0.8131
Epoch 201/300  train=7.655e-01  rmse=1.9818  lr=1.0e-06  71s
  batch 10/33  loss=0.6216
  batch 20/33  loss=0.8101
  batch 30/33  loss=0.7765
Epoch 202/300  train=7.742e-01  rmse=2.1715  lr=1.0e-06  71s
  batch 10/33  loss=0.7781
  batch 20/33  loss=0.5924
  batch 30/33  loss=0.6363
Epoch 203/300  train=7.390e-01  rmse=2.0033  lr=1.0e-06  70s
  batch 10/33  loss=0.6965
  batch 20/33  loss=0.9172
  batch 30/33  loss=0.8617
Epoch 204/300  train=7.584e-01  rmse=1.9376  lr=1.0e-06  70s
  batch 10/33  loss=0.6283
  batch 20/33  loss=0.9440
  batch 30/33  loss=0.6782
Epoch 205/300  train=7.578e-01  rmse=2.3704  lr=1.0e-06  71s
  batch 10/33  loss=0.6127
  batch 20/33  loss=0.8440
  batch 30/33  loss=0.9515
Epoch 206/300  train=7.782e-01  rmse=1.8232  lr=1.0e-06  71s
  batch 10/33  loss=0.6438
  batch 20/33  loss=0.5910
  batch 30/33  loss=0.7584
Epoch 207/300  train=7.580e-01  rmse=2.4045  lr=1.0e-06  70s
  batch 10/33  loss=0.7260
  batch 20/33  loss=0.7417
  batch 30/33  loss=0.6754
Epoch 208/300  train=7.874e-01  rmse=2.3055  lr=1.0e-06  70s
  batch 10/33  loss=0.9250
  batch 20/33  loss=0.8633
  batch 30/33  loss=0.8116
Epoch 209/300  train=7.640e-01  rmse=1.9590  lr=1.0e-06  71s
  batch 10/33  loss=0.5391
  batch 20/33  loss=0.9631
  batch 30/33  loss=0.7383
Epoch 210/300  train=7.578e-01  rmse=2.7251  lr=1.0e-06  71s
  batch 10/33  loss=0.6129
  batch 20/33  loss=0.7250
  batch 30/33  loss=0.9525
Epoch 211/300  train=7.549e-01  rmse=1.6710  lr=1.0e-06  70s
  batch 10/33  loss=0.7014
  batch 20/33  loss=0.6788
  batch 30/33  loss=1.0711
Epoch 212/300  train=7.969e-01  rmse=2.6262  lr=1.0e-06  70s
  batch 10/33  loss=0.7056
  batch 20/33  loss=0.7062
  batch 30/33  loss=0.8552
Epoch 213/300  train=7.617e-01  rmse=2.1619  lr=1.0e-06  70s
  batch 10/33  loss=0.8138
  batch 20/33  loss=0.5949
  batch 30/33  loss=0.5649
Epoch 214/300  train=7.377e-01  rmse=2.4717  lr=1.0e-06  71s
  batch 10/33  loss=0.6454
  batch 20/33  loss=0.6605
  batch 30/33  loss=0.7351
Epoch 215/300  train=7.459e-01  rmse=1.7998  lr=1.0e-06  71s
  batch 10/33  loss=0.9109
  batch 20/33  loss=0.7668
  batch 30/33  loss=0.7240
Epoch 216/300  train=7.577e-01  rmse=2.5367  lr=1.0e-06  71s
  batch 10/33  loss=0.8075
  batch 20/33  loss=0.7452
  batch 30/33  loss=0.6539
Epoch 217/300  train=7.590e-01  rmse=2.5886  lr=1.0e-06  71s
  batch 10/33  loss=0.8551
  batch 20/33  loss=0.8208
  batch 30/33  loss=0.9593
Epoch 218/300  train=7.530e-01  rmse=2.2976  lr=1.0e-06  70s
  batch 10/33  loss=0.8801
  batch 20/33  loss=0.7627
  batch 30/33  loss=0.6747
Epoch 219/300  train=7.711e-01  rmse=2.3458  lr=1.0e-06  70s
  batch 10/33  loss=0.7525
  batch 20/33  loss=0.6479
  batch 30/33  loss=0.8210
Epoch 220/300  train=7.565e-01  rmse=1.7908  lr=1.0e-06  70s
  batch 10/33  loss=0.7911
  batch 20/33  loss=0.6873
  batch 30/33  loss=0.7322
Epoch 221/300  train=7.514e-01  rmse=1.9139  lr=1.0e-06  71s
  batch 10/33  loss=0.7381
  batch 20/33  loss=0.9250
  batch 30/33  loss=0.7920
Epoch 222/300  train=7.673e-01  rmse=2.3577  lr=1.0e-06  70s
  batch 10/33  loss=0.6401
  batch 20/33  loss=0.8158
  batch 30/33  loss=0.8034
Epoch 223/300  train=7.442e-01  rmse=2.3350  lr=1.0e-06  71s
  batch 10/33  loss=0.8508
  batch 20/33  loss=0.8468
  batch 30/33  loss=0.6008
Epoch 224/300  train=7.578e-01  rmse=1.9713  lr=1.0e-06  70s
  batch 10/33  loss=0.8729
  batch 20/33  loss=0.8292
  batch 30/33  loss=0.7262
Epoch 225/300  train=7.643e-01  rmse=1.8071  lr=1.0e-06  70s
  batch 10/33  loss=0.7413
  batch 20/33  loss=0.6530
  batch 30/33  loss=0.5987
Epoch 226/300  train=7.601e-01  rmse=2.4921  lr=1.0e-06  71s
  batch 10/33  loss=0.8313
  batch 20/33  loss=0.6543
  batch 30/33  loss=0.8924
Epoch 227/300  train=7.461e-01  rmse=2.5400  lr=1.0e-06  71s
  batch 10/33  loss=0.7234
  batch 20/33  loss=0.8803
  batch 30/33  loss=0.6447
Epoch 228/300  train=7.665e-01  rmse=1.9585  lr=1.0e-06  70s
  batch 10/33  loss=0.7448
  batch 20/33  loss=0.8353
  batch 30/33  loss=0.7100
Epoch 229/300  train=7.417e-01  rmse=1.9705  lr=1.0e-06  71s
  batch 10/33  loss=0.8309
  batch 20/33  loss=0.7205
  batch 30/33  loss=0.9728
Epoch 230/300  train=7.786e-01  rmse=2.4403  lr=1.0e-06  70s
  batch 10/33  loss=0.8757
  batch 20/33  loss=0.7285
  batch 30/33  loss=0.6762
Epoch 231/300  train=7.448e-01  rmse=2.4896  lr=1.0e-06  71s
  batch 10/33  loss=0.6171
  batch 20/33  loss=0.7458
  batch 30/33  loss=0.6781
Epoch 232/300  train=7.280e-01  rmse=1.7679  lr=1.0e-06  71s
  -> best  monitor=7.280e-01
  batch 10/33  loss=0.7134
  batch 20/33  loss=0.9294
  batch 30/33  loss=0.6224
Epoch 233/300  train=7.702e-01  rmse=2.3587  lr=1.0e-06  71s
  batch 10/33  loss=0.8189
  batch 20/33  loss=0.8143
  batch 30/33  loss=0.6725
Epoch 234/300  train=7.684e-01  rmse=2.1666  lr=1.0e-06  71s
  batch 10/33  loss=0.8119
  batch 20/33  loss=0.7022
  batch 30/33  loss=0.8633
Epoch 235/300  train=7.564e-01  rmse=1.7132  lr=1.0e-06  70s
  batch 10/33  loss=0.7817
  batch 20/33  loss=0.8433
  batch 30/33  loss=0.6564
Epoch 236/300  train=7.697e-01  rmse=2.1881  lr=1.0e-06  71s
  batch 10/33  loss=0.5807
  batch 20/33  loss=0.6822
  batch 30/33  loss=0.7229
Epoch 237/300  train=7.438e-01  rmse=1.7095  lr=1.0e-06  70s
  batch 10/33  loss=0.8447
  batch 20/33  loss=0.7336
  batch 30/33  loss=0.6435
Epoch 238/300  train=7.505e-01  rmse=2.0640  lr=1.0e-06  71s
  batch 10/33  loss=0.8148
  batch 20/33  loss=0.6471
  batch 30/33  loss=0.7778
Epoch 239/300  train=7.521e-01  rmse=1.6700  lr=1.0e-06  71s
  batch 10/33  loss=0.6209
  batch 20/33  loss=1.0233
  batch 30/33  loss=0.7790
Epoch 240/300  train=7.613e-01  rmse=2.4863  lr=1.0e-06  70s
  batch 10/33  loss=0.7722
  batch 20/33  loss=0.7446
  batch 30/33  loss=0.9247
Epoch 241/300  train=7.544e-01  rmse=2.0528  lr=1.0e-06  71s
  batch 10/33  loss=0.5317
  batch 20/33  loss=0.7660
  batch 30/33  loss=0.9301
Epoch 242/300  train=7.516e-01  rmse=2.2998  lr=1.0e-06  71s
  batch 10/33  loss=0.7189
  batch 20/33  loss=0.8628
  batch 30/33  loss=0.8846
Epoch 243/300  train=7.473e-01  rmse=1.9514  lr=1.0e-06  71s
  batch 10/33  loss=0.9363
  batch 20/33  loss=0.9421
  batch 30/33  loss=0.8913
Epoch 244/300  train=7.576e-01  rmse=2.2685  lr=1.0e-06  71s
  batch 10/33  loss=0.7715
  batch 20/33  loss=0.8785
  batch 30/33  loss=0.6937
Epoch 245/300  train=7.456e-01  rmse=1.8198  lr=1.0e-06  70s
  batch 10/33  loss=0.6299
  batch 20/33  loss=0.8630
  batch 30/33  loss=0.6927
Epoch 246/300  train=7.493e-01  rmse=1.9700  lr=1.0e-06  70s
  batch 10/33  loss=0.7527
  batch 20/33  loss=0.6131
  batch 30/33  loss=0.6977
Epoch 247/300  train=7.300e-01  rmse=1.7139  lr=1.0e-06  70s
  batch 10/33  loss=0.8033
  batch 20/33  loss=0.7081
  batch 30/33  loss=0.8248
Epoch 248/300  train=7.724e-01  rmse=2.1000  lr=1.0e-06  70s
  batch 10/33  loss=0.7340
  batch 20/33  loss=0.6299
  batch 30/33  loss=0.6810
Epoch 249/300  train=7.339e-01  rmse=1.8403  lr=1.0e-06  70s
  batch 10/33  loss=1.0409
  batch 20/33  loss=0.6785
  batch 30/33  loss=0.9353
Epoch 250/300  train=7.606e-01  rmse=1.9174  lr=1.0e-06  70s
  batch 10/33  loss=0.6642
  batch 20/33  loss=0.5857
  batch 30/33  loss=0.9270
Epoch 251/300  train=7.372e-01  rmse=1.8867  lr=1.0e-06  71s
  batch 10/33  loss=0.7881
  batch 20/33  loss=0.7984
  batch 30/33  loss=0.6095
Epoch 252/300  train=7.491e-01  rmse=1.5901  lr=1.0e-06  71s
  batch 10/33  loss=0.7995
  batch 20/33  loss=0.8174
  batch 30/33  loss=0.9456
Epoch 253/300  train=7.593e-01  rmse=2.2208  lr=1.0e-06  71s
  batch 10/33  loss=0.5129
  batch 20/33  loss=0.9238
  batch 30/33  loss=0.6246
Epoch 254/300  train=7.574e-01  rmse=2.0886  lr=1.0e-06  71s
  batch 10/33  loss=0.7711
  batch 20/33  loss=0.7358
  batch 30/33  loss=0.7026
Epoch 255/300  train=7.617e-01  rmse=2.3673  lr=1.0e-06  71s
  batch 10/33  loss=0.7197
  batch 20/33  loss=0.6301
  batch 30/33  loss=0.6329
Epoch 256/300  train=7.585e-01  rmse=1.7104  lr=1.0e-06  70s
  batch 10/33  loss=0.8552
  batch 20/33  loss=0.6574
  batch 30/33  loss=0.5433
Epoch 257/300  train=7.562e-01  rmse=2.1802  lr=1.0e-06  70s
  batch 10/33  loss=0.9342
  batch 20/33  loss=0.7803
  batch 30/33  loss=0.5906
Epoch 258/300  train=7.461e-01  rmse=2.4298  lr=1.0e-06  70s
  batch 10/33  loss=0.7398
  batch 20/33  loss=0.6535
  batch 30/33  loss=0.6868
Epoch 259/300  train=7.339e-01  rmse=1.4783  lr=1.0e-06  70s
  batch 10/33  loss=0.7513
  batch 20/33  loss=0.8012
  batch 30/33  loss=0.7036
Epoch 260/300  train=7.477e-01  rmse=2.2669  lr=1.0e-06  70s
  batch 10/33  loss=0.7235
  batch 20/33  loss=0.9610
  batch 30/33  loss=0.5193
Epoch 261/300  train=7.598e-01  rmse=2.8862  lr=1.0e-06  70s
  batch 10/33  loss=0.6962
  batch 20/33  loss=0.7173
  batch 30/33  loss=0.6909
Epoch 262/300  train=7.815e-01  rmse=1.9390  lr=1.0e-06  71s
  batch 10/33  loss=0.7169
  batch 20/33  loss=0.7473
  batch 30/33  loss=0.8781
Epoch 263/300  train=7.694e-01  rmse=2.4433  lr=1.0e-06  71s
  batch 10/33  loss=0.7164
  batch 20/33  loss=0.7351
  batch 30/33  loss=0.6844
Epoch 264/300  train=7.842e-01  rmse=2.1316  lr=1.0e-06  71s
  batch 10/33  loss=0.8151
  batch 20/33  loss=0.8598
  batch 30/33  loss=0.7749
Epoch 265/300  train=7.546e-01  rmse=1.9994  lr=1.0e-06  70s
  batch 10/33  loss=0.8798
  batch 20/33  loss=0.9767
  batch 30/33  loss=0.9515
Epoch 266/300  train=7.745e-01  rmse=2.0949  lr=1.0e-06  71s
  batch 10/33  loss=0.7041
  batch 20/33  loss=0.7264
  batch 30/33  loss=0.7129
Epoch 267/300  train=7.484e-01  rmse=1.9957  lr=1.0e-06  71s
  batch 10/33  loss=0.5807
  batch 20/33  loss=0.7379
  batch 30/33  loss=0.7600
Epoch 268/300  train=7.665e-01  rmse=2.8948  lr=1.0e-06  71s
  batch 10/33  loss=0.7881
  batch 20/33  loss=0.7114
  batch 30/33  loss=0.7403
Epoch 269/300  train=7.668e-01  rmse=2.2666  lr=1.0e-06  71s
  batch 10/33  loss=0.6964
  batch 20/33  loss=0.7343
  batch 30/33  loss=0.6916
Epoch 270/300  train=7.613e-01  rmse=2.3906  lr=1.0e-06  70s
  batch 10/33  loss=0.7944
  batch 20/33  loss=1.0023
  batch 30/33  loss=0.7261
Epoch 271/300  train=7.699e-01  rmse=2.2469  lr=1.0e-06  72s
  batch 10/33  loss=0.8894
  batch 20/33  loss=0.7547
  batch 30/33  loss=0.8640
Epoch 272/300  train=7.779e-01  rmse=1.7489  lr=1.0e-06  70s
  batch 10/33  loss=0.8410
  batch 20/33  loss=0.8946
  batch 30/33  loss=0.8363
Epoch 273/300  train=7.732e-01  rmse=2.1154  lr=1.0e-06  71s
  batch 10/33  loss=0.6637
  batch 20/33  loss=0.6756
  batch 30/33  loss=0.6879
Epoch 274/300  train=7.753e-01  rmse=1.6744  lr=1.0e-06  70s
  batch 10/33  loss=0.6454
  batch 20/33  loss=0.7318
  batch 30/33  loss=1.0415
Epoch 275/300  train=7.497e-01  rmse=1.9526  lr=1.0e-06  71s
  batch 10/33  loss=0.8563
  batch 20/33  loss=0.5416
  batch 30/33  loss=0.6004
Epoch 276/300  train=7.326e-01  rmse=2.2489  lr=1.0e-06  71s
  batch 10/33  loss=0.7862
  batch 20/33  loss=0.7440
  batch 30/33  loss=0.7206
Epoch 277/300  train=7.812e-01  rmse=2.6635  lr=1.0e-06  71s
  batch 10/33  loss=0.8399
  batch 20/33  loss=0.6686
  batch 30/33  loss=0.7506
Epoch 278/300  train=7.477e-01  rmse=2.5640  lr=1.0e-06  72s
  batch 10/33  loss=0.7015
  batch 20/33  loss=0.6141
  batch 30/33  loss=0.5712
Epoch 279/300  train=7.601e-01  rmse=2.5394  lr=1.0e-06  71s
  batch 10/33  loss=0.8496
  batch 20/33  loss=0.6112
  batch 30/33  loss=0.9223
Epoch 280/300  train=7.586e-01  rmse=1.6717  lr=1.0e-06  70s
  batch 10/33  loss=0.7899
  batch 20/33  loss=0.6926
  batch 30/33  loss=0.6392
Epoch 281/300  train=7.557e-01  rmse=1.7658  lr=1.0e-06  70s
  batch 10/33  loss=0.9660
  batch 20/33  loss=0.7527
  batch 30/33  loss=0.7182
Epoch 282/300  train=7.689e-01  rmse=2.0422  lr=1.0e-06  71s
  batch 10/33  loss=0.6913
  batch 20/33  loss=0.9137
  batch 30/33  loss=0.6981
Epoch 283/300  train=7.727e-01  rmse=2.1769  lr=1.0e-06  70s
  batch 10/33  loss=0.8521
  batch 20/33  loss=0.7878
  batch 30/33  loss=0.7154
Epoch 284/300  train=7.480e-01  rmse=1.7946  lr=1.0e-06  70s
  batch 10/33  loss=0.7779
  batch 20/33  loss=0.7085
  batch 30/33  loss=1.0129
Epoch 285/300  train=7.630e-01  rmse=2.0548  lr=1.0e-06  70s
  batch 10/33  loss=0.9587
  batch 20/33  loss=0.8495
  batch 30/33  loss=1.0782
Epoch 286/300  train=7.701e-01  rmse=1.6327  lr=1.0e-06  70s
  batch 10/33  loss=0.7650
  batch 20/33  loss=0.6412
  batch 30/33  loss=0.6657
Epoch 287/300  train=7.479e-01  rmse=2.0467  lr=1.0e-06  70s
  batch 10/33  loss=0.8380
  batch 20/33  loss=0.7125
  batch 30/33  loss=0.9430
Epoch 288/300  train=7.534e-01  rmse=2.3013  lr=1.0e-06  71s
  batch 10/33  loss=0.6374
  batch 20/33  loss=0.6594
  batch 30/33  loss=0.8489
Epoch 289/300  train=7.535e-01  rmse=1.9010  lr=1.0e-06  70s
  batch 10/33  loss=0.6474
  batch 20/33  loss=0.7245
  batch 30/33  loss=0.9315
Epoch 290/300  train=7.567e-01  rmse=2.4622  lr=1.0e-06  69s
  batch 10/33  loss=0.6934
  batch 20/33  loss=0.6999
  batch 30/33  loss=0.6172
Epoch 291/300  train=7.579e-01  rmse=2.3208  lr=1.0e-06  70s
  batch 10/33  loss=0.9458
  batch 20/33  loss=0.8351
  batch 30/33  loss=0.7378
Epoch 292/300  train=7.926e-01  rmse=2.0604  lr=1.0e-06  70s
  batch 10/33  loss=0.6574
  batch 20/33  loss=0.7071
  batch 30/33  loss=0.6821
Epoch 293/300  train=7.392e-01  rmse=1.4060  lr=1.0e-06  70s
  batch 10/33  loss=0.6822
  batch 20/33  loss=0.9648
  batch 30/33  loss=0.9331
Epoch 294/300  train=7.530e-01  rmse=1.9994  lr=1.0e-06  70s
  batch 10/33  loss=0.8318
  batch 20/33  loss=0.7307
  batch 30/33  loss=0.7206
Epoch 295/300  train=7.579e-01  rmse=2.1541  lr=1.0e-06  70s
  batch 10/33  loss=0.7347
  batch 20/33  loss=0.7397
  batch 30/33  loss=0.7665
Epoch 296/300  train=7.550e-01  rmse=1.8884  lr=1.0e-06  69s
  batch 10/33  loss=0.6587
  batch 20/33  loss=0.7504
  batch 30/33  loss=0.6671
Epoch 297/300  train=7.535e-01  rmse=2.2252  lr=1.0e-06  71s
  batch 10/33  loss=0.7138
  batch 20/33  loss=0.8880
  batch 30/33  loss=0.6719
Epoch 298/300  train=7.466e-01  rmse=3.0785  lr=1.0e-06  70s
  batch 10/33  loss=0.6915
  batch 20/33  loss=0.5752
  batch 30/33  loss=0.6312
Epoch 299/300  train=7.439e-01  rmse=2.0853  lr=1.0e-06  71s
  batch 10/33  loss=0.7840
  batch 20/33  loss=0.6711
  batch 30/33  loss=0.7797
Epoch 300/300  train=7.603e-01  rmse=2.1742  lr=1.0e-06  70s

Test evaluation (best checkpoint)...
Test (RMSE / MAE in μg/m³):
  total: 0.925395
  main: 0.179238
  nonneg: 0.000000
  smooth: 0.000000
  anom: 0.057626
  grad: 0.003359
  pattern: 0.270525
  spectral: 0.414648
  var: 0.000000
  rmse: 2.628281
  rmse_low: 3.426098
  rmse_high: 0.509877
  mae: 1.201599

  z  Height(m)        R²
--------------------------
  0       15.0    0.2626  <- ~0-100m
  1       25.0    0.3472  <- ~0-100m
  2       35.0    0.3013  <- ~0-100m
  3       45.0    0.3171  <- ~0-100m
  4       55.0    0.3754  <- ~0-100m
  5       75.0    0.7050  <- ~0-100m
  6       95.0    0.8693  <- ~0-100m
  7      115.0    0.9248  <- ~0-100m
  8      135.0    0.9426
  9      155.0    0.9488
 10      175.0    0.9474
 11      195.0    0.9540
