Device: cuda
Building datasets...
Temporal split:  train=264  val=0  test=72
Fitting normalisation on 264 samples...
  50/264
  100/264
  150/264
  200/264
  250/264
Done.
  emission  mean=5.6840  std=1.1291
  pm25      per-level  mean[0]=2.3826e+00  mean[-1]=1.1283e+00
Temporal split:  train=264  val=0  test=72
Tile-holdout: train 3 tiles (exclude None); augment=False free_crop=False; test_tile=[0, 200, 400, 600]; train N=264 test N=72
Model: UNet3D  base_ch=16  params: 403,458
No val set — using train loss for scheduler and checkpoint selection.

Training for 300 epochs...
  batch 10/33  loss=2.8669
  batch 20/33  loss=2.7723
  batch 30/33  loss=2.0756
Epoch   1/300  train=2.406e+00  rmse=4.8235  lr=1.0e-04  86s
  -> best  monitor=2.406e+00
  batch 10/33  loss=1.8827
  batch 20/33  loss=1.7576
  batch 30/33  loss=1.8519
Epoch   2/300  train=2.083e+00  rmse=4.3992  lr=1.0e-04  108s
  -> best  monitor=2.083e+00
  batch 10/33  loss=1.8373
  batch 20/33  loss=2.2572
  batch 30/33  loss=1.6388
Epoch   3/300  train=1.896e+00  rmse=4.3121  lr=1.0e-04  106s
  -> best  monitor=1.896e+00
  batch 10/33  loss=1.6297
  batch 20/33  loss=1.7271
  batch 30/33  loss=2.2045
Epoch   4/300  train=1.692e+00  rmse=3.7761  lr=1.0e-04  126s
  -> best  monitor=1.692e+00
  batch 10/33  loss=1.3562
  batch 20/33  loss=1.1846
  batch 30/33  loss=2.0396
Epoch   5/300  train=1.630e+00  rmse=3.9085  lr=1.0e-04  100s
  -> best  monitor=1.630e+00
  batch 10/33  loss=1.8514
  batch 20/33  loss=1.6865
  batch 30/33  loss=1.4503
Epoch   6/300  train=1.508e+00  rmse=3.7876  lr=1.0e-04  94s
  -> best  monitor=1.508e+00
  batch 10/33  loss=2.4094
  batch 20/33  loss=1.3758
  batch 30/33  loss=1.2782
Epoch   7/300  train=1.445e+00  rmse=3.3411  lr=1.0e-04  109s
  -> best  monitor=1.445e+00
  batch 10/33  loss=1.2967
  batch 20/33  loss=2.2744
  batch 30/33  loss=1.2080
Epoch   8/300  train=1.389e+00  rmse=3.5655  lr=1.0e-04  100s
  -> best  monitor=1.389e+00
  batch 10/33  loss=1.1100
  batch 20/33  loss=1.1076
  batch 30/33  loss=1.1677
Epoch   9/300  train=1.277e+00  rmse=3.4164  lr=1.0e-04  107s
  -> best  monitor=1.277e+00
  batch 10/33  loss=1.2536
  batch 20/33  loss=1.2295
  batch 30/33  loss=1.0048
Epoch  10/300  train=1.231e+00  rmse=3.1846  lr=1.0e-04  105s
  -> best  monitor=1.231e+00
  batch 10/33  loss=1.1610
  batch 20/33  loss=1.6810
  batch 30/33  loss=1.1550
Epoch  11/300  train=1.213e+00  rmse=3.3031  lr=1.0e-04  86s
  -> best  monitor=1.213e+00
  batch 10/33  loss=1.3301
  batch 20/33  loss=1.1024
  batch 30/33  loss=1.1004
Epoch  12/300  train=1.166e+00  rmse=2.9320  lr=1.0e-04  87s
  -> best  monitor=1.166e+00
  batch 10/33  loss=0.8559
  batch 20/33  loss=0.9818
  batch 30/33  loss=1.0259
Epoch  13/300  train=1.109e+00  rmse=2.7867  lr=1.0e-04  86s
  -> best  monitor=1.109e+00
  batch 10/33  loss=1.1119
  batch 20/33  loss=1.1152
  batch 30/33  loss=1.3376
Epoch  14/300  train=1.090e+00  rmse=3.0571  lr=1.0e-04  87s
  -> best  monitor=1.090e+00
  batch 10/33  loss=0.9019
  batch 20/33  loss=0.9208
  batch 30/33  loss=1.0231
Epoch  15/300  train=1.033e+00  rmse=2.5428  lr=1.0e-04  87s
  -> best  monitor=1.033e+00
  batch 10/33  loss=1.0111
  batch 20/33  loss=1.0498
  batch 30/33  loss=0.8039
Epoch  16/300  train=1.019e+00  rmse=2.6594  lr=1.0e-04  87s
  -> best  monitor=1.019e+00
  batch 10/33  loss=0.9838
  batch 20/33  loss=0.9622
  batch 30/33  loss=0.9110
Epoch  17/300  train=1.002e+00  rmse=2.9067  lr=1.0e-04  87s
  -> best  monitor=1.002e+00
  batch 10/33  loss=0.9336
  batch 20/33  loss=0.8317
  batch 30/33  loss=1.0112
Epoch  18/300  train=1.012e+00  rmse=2.6476  lr=1.0e-04  144s
  batch 10/33  loss=0.8430
  batch 20/33  loss=1.2422
  batch 30/33  loss=0.7826
Epoch  19/300  train=9.774e-01  rmse=2.5647  lr=1.0e-04  92s
  -> best  monitor=9.774e-01
  batch 10/33  loss=0.8316
  batch 20/33  loss=0.9836
  batch 30/33  loss=0.7622
Epoch  20/300  train=9.327e-01  rmse=2.2878  lr=1.0e-04  86s
  -> best  monitor=9.327e-01
  batch 10/33  loss=1.0058
  batch 20/33  loss=0.8215
  batch 30/33  loss=0.9484
Epoch  21/300  train=9.611e-01  rmse=2.3172  lr=1.0e-04  99s
  batch 10/33  loss=0.9826
  batch 20/33  loss=0.9454
  batch 30/33  loss=0.9092
Epoch  22/300  train=9.259e-01  rmse=2.4312  lr=1.0e-04  102s
  -> best  monitor=9.259e-01
  batch 10/33  loss=0.7875
  batch 20/33  loss=0.8710
  batch 30/33  loss=0.7929
Epoch  23/300  train=8.995e-01  rmse=2.2874  lr=1.0e-04  117s
  -> best  monitor=8.995e-01
  batch 10/33  loss=0.8271
  batch 20/33  loss=0.8848
  batch 30/33  loss=1.0010
Epoch  24/300  train=9.012e-01  rmse=2.1385  lr=1.0e-04  90s
  batch 10/33  loss=0.6929
  batch 20/33  loss=0.9536
  batch 30/33  loss=0.8064
Epoch  25/300  train=9.010e-01  rmse=2.4576  lr=1.0e-04  87s
  batch 10/33  loss=1.0481
  batch 20/33  loss=0.7764
  batch 30/33  loss=0.8396
Epoch  26/300  train=9.104e-01  rmse=2.4633  lr=1.0e-04  87s
  batch 10/33  loss=0.7492
  batch 20/33  loss=0.8076
  batch 30/33  loss=0.8189
Epoch  27/300  train=8.615e-01  rmse=2.0990  lr=1.0e-04  87s
  -> best  monitor=8.615e-01
  batch 10/33  loss=0.9990
  batch 20/33  loss=0.7718
  batch 30/33  loss=0.8322
Epoch  28/300  train=8.585e-01  rmse=2.0924  lr=1.0e-04  86s
  -> best  monitor=8.585e-01
  batch 10/33  loss=0.9137
  batch 20/33  loss=0.7813
  batch 30/33  loss=0.8709
Epoch  29/300  train=8.520e-01  rmse=2.3358  lr=1.0e-04  87s
  -> best  monitor=8.520e-01
  batch 10/33  loss=0.7596
  batch 20/33  loss=0.6481
  batch 30/33  loss=0.8552
Epoch  30/300  train=8.624e-01  rmse=2.5482  lr=1.0e-04  86s
  batch 10/33  loss=0.8939
  batch 20/33  loss=0.6742
  batch 30/33  loss=0.7726
Epoch  31/300  train=8.564e-01  rmse=2.4003  lr=1.0e-04  87s
  batch 10/33  loss=0.8652
  batch 20/33  loss=0.8299
  batch 30/33  loss=0.8008
Epoch  32/300  train=8.399e-01  rmse=2.0601  lr=1.0e-04  86s
  -> best  monitor=8.399e-01
  batch 10/33  loss=0.7556
  batch 20/33  loss=0.9688
  batch 30/33  loss=0.8476
Epoch  33/300  train=8.425e-01  rmse=2.3299  lr=1.0e-04  86s
  batch 10/33  loss=0.8428
  batch 20/33  loss=0.8507
  batch 30/33  loss=0.8724
Epoch  34/300  train=8.048e-01  rmse=2.0467  lr=1.0e-04  87s
  -> best  monitor=8.048e-01
  batch 10/33  loss=1.1862
  batch 20/33  loss=0.7790
  batch 30/33  loss=1.1118
Epoch  35/300  train=8.323e-01  rmse=2.5569  lr=1.0e-04  100s
  batch 10/33  loss=0.6530
  batch 20/33  loss=0.7975
  batch 30/33  loss=0.7296
Epoch  36/300  train=7.958e-01  rmse=2.1820  lr=1.0e-04  99s
  -> best  monitor=7.958e-01
  batch 10/33  loss=0.7250
  batch 20/33  loss=0.8736
  batch 30/33  loss=0.6092
Epoch  37/300  train=7.827e-01  rmse=2.1025  lr=1.0e-04  109s
  -> best  monitor=7.827e-01
  batch 10/33  loss=0.8230
  batch 20/33  loss=1.0051
  batch 30/33  loss=0.6599
Epoch  38/300  train=7.963e-01  rmse=1.9527  lr=1.0e-04  101s
  batch 10/33  loss=0.8191
  batch 20/33  loss=0.7727
  batch 30/33  loss=0.7267
Epoch  39/300  train=8.026e-01  rmse=2.4688  lr=1.0e-04  114s
  batch 10/33  loss=0.6968
  batch 20/33  loss=0.7969
  batch 30/33  loss=0.7973
Epoch  40/300  train=7.867e-01  rmse=2.1675  lr=1.0e-04  90s
  batch 10/33  loss=0.9143
  batch 20/33  loss=0.9243
  batch 30/33  loss=0.7152
Epoch  41/300  train=7.800e-01  rmse=2.1463  lr=1.0e-04  107s
  -> best  monitor=7.800e-01
  batch 10/33  loss=0.7213
  batch 20/33  loss=0.7334
  batch 30/33  loss=0.9102
Epoch  42/300  train=7.938e-01  rmse=2.4478  lr=1.0e-04  125s
  batch 10/33  loss=0.7236
  batch 20/33  loss=0.6326
  batch 30/33  loss=0.7204
Epoch  43/300  train=7.721e-01  rmse=1.9460  lr=1.0e-04  116s
  -> best  monitor=7.721e-01
  batch 10/33  loss=0.9484
  batch 20/33  loss=0.5734
  batch 30/33  loss=0.7930
Epoch  44/300  train=7.750e-01  rmse=2.3359  lr=1.0e-04  100s
  batch 10/33  loss=0.6398
  batch 20/33  loss=0.7354
  batch 30/33  loss=0.6153
Epoch  45/300  train=7.692e-01  rmse=2.2026  lr=1.0e-04  98s
  -> best  monitor=7.692e-01
  batch 10/33  loss=0.9277
  batch 20/33  loss=0.7624
  batch 30/33  loss=0.7364
Epoch  46/300  train=7.712e-01  rmse=2.3613  lr=1.0e-04  106s
  batch 10/33  loss=0.7593
  batch 20/33  loss=0.7249
  batch 30/33  loss=0.5887
Epoch  47/300  train=7.341e-01  rmse=1.9946  lr=1.0e-04  122s
  -> best  monitor=7.341e-01
  batch 10/33  loss=0.7117
  batch 20/33  loss=0.7263
  batch 30/33  loss=0.7642
Epoch  48/300  train=7.489e-01  rmse=2.0300  lr=1.0e-04  99s
  batch 10/33  loss=0.6776
  batch 20/33  loss=0.6960
  batch 30/33  loss=0.6615
Epoch  49/300  train=7.514e-01  rmse=2.0247  lr=1.0e-04  87s
  batch 10/33  loss=0.6559
  batch 20/33  loss=0.8331
  batch 30/33  loss=0.6683
Epoch  50/300  train=7.390e-01  rmse=2.0169  lr=1.0e-04  87s
  batch 10/33  loss=0.7350
  batch 20/33  loss=0.6701
  batch 30/33  loss=0.6965
Epoch  51/300  train=7.271e-01  rmse=1.8051  lr=1.0e-04  87s
  -> best  monitor=7.271e-01
  batch 10/33  loss=0.7020
  batch 20/33  loss=0.7665
  batch 30/33  loss=0.6044
Epoch  52/300  train=7.203e-01  rmse=1.8142  lr=1.0e-04  118s
  -> best  monitor=7.203e-01
  batch 10/33  loss=0.5484
  batch 20/33  loss=0.7188
  batch 30/33  loss=0.7676
Epoch  53/300  train=7.430e-01  rmse=2.1086  lr=1.0e-04  141s
  batch 10/33  loss=0.7236
  batch 20/33  loss=0.6523
  batch 30/33  loss=0.5996
Epoch  54/300  train=7.108e-01  rmse=2.0133  lr=1.0e-04  94s
  -> best  monitor=7.108e-01
  batch 10/33  loss=0.6768
  batch 20/33  loss=0.6795
  batch 30/33  loss=0.8510
Epoch  55/300  train=7.174e-01  rmse=2.1751  lr=1.0e-04  98s
  batch 10/33  loss=0.7665
  batch 20/33  loss=0.6031
  batch 30/33  loss=0.6272
Epoch  56/300  train=7.027e-01  rmse=2.2043  lr=1.0e-04  92s
  -> best  monitor=7.027e-01
  batch 10/33  loss=0.6227
  batch 20/33  loss=0.6662
  batch 30/33  loss=0.6285
Epoch  57/300  train=7.033e-01  rmse=1.6971  lr=1.0e-04  100s
  batch 10/33  loss=0.6395
  batch 20/33  loss=0.6734
  batch 30/33  loss=0.8712
Epoch  58/300  train=7.307e-01  rmse=1.7960  lr=1.0e-04  105s
  batch 10/33  loss=0.6163
  batch 20/33  loss=0.8285
  batch 30/33  loss=0.6418
Epoch  59/300  train=7.227e-01  rmse=1.8910  lr=1.0e-04  103s
  batch 10/33  loss=0.8390
  batch 20/33  loss=0.6128
  batch 30/33  loss=0.6436
Epoch  60/300  train=7.183e-01  rmse=1.9820  lr=1.0e-04  113s
  batch 10/33  loss=0.6414
  batch 20/33  loss=0.6654
  batch 30/33  loss=0.7382
Epoch  61/300  train=6.874e-01  rmse=1.8353  lr=1.0e-04  92s
  -> best  monitor=6.874e-01
  batch 10/33  loss=0.6591
  batch 20/33  loss=0.8294
  batch 30/33  loss=0.7612
Epoch  62/300  train=6.837e-01  rmse=1.7156  lr=1.0e-04  136s
  -> best  monitor=6.837e-01
  batch 10/33  loss=0.6426
  batch 20/33  loss=0.6596
  batch 30/33  loss=0.7633
Epoch  63/300  train=6.925e-01  rmse=1.6275  lr=1.0e-04  101s
  batch 10/33  loss=0.4742
  batch 20/33  loss=0.5883
  batch 30/33  loss=0.5419
Epoch  64/300  train=6.950e-01  rmse=1.8662  lr=1.0e-04  100s
  batch 10/33  loss=0.7489
  batch 20/33  loss=0.6269
  batch 30/33  loss=0.6864
Epoch  65/300  train=6.990e-01  rmse=1.8247  lr=1.0e-04  96s
  batch 10/33  loss=0.6954
  batch 20/33  loss=0.6271
  batch 30/33  loss=0.6260
Epoch  66/300  train=6.865e-01  rmse=1.8679  lr=1.0e-04  109s
  batch 10/33  loss=0.7143
  batch 20/33  loss=0.6355
  batch 30/33  loss=0.6282
Epoch  67/300  train=6.774e-01  rmse=1.9783  lr=1.0e-04  109s
  -> best  monitor=6.774e-01
  batch 10/33  loss=0.6290
  batch 20/33  loss=0.5585
  batch 30/33  loss=0.6903
Epoch  68/300  train=6.998e-01  rmse=1.9999  lr=1.0e-04  116s
  batch 10/33  loss=0.7515
  batch 20/33  loss=0.6169
  batch 30/33  loss=0.5823
Epoch  69/300  train=6.852e-01  rmse=2.0847  lr=1.0e-04  111s
  batch 10/33  loss=0.7486
  batch 20/33  loss=0.6695
  batch 30/33  loss=0.6157
Epoch  70/300  train=6.721e-01  rmse=1.9348  lr=1.0e-04  86s
  -> best  monitor=6.721e-01
  batch 10/33  loss=0.6439
  batch 20/33  loss=0.5965
  batch 30/33  loss=0.7900
Epoch  71/300  train=6.800e-01  rmse=1.8824  lr=1.0e-04  86s
  batch 10/33  loss=0.8421
  batch 20/33  loss=0.8671
  batch 30/33  loss=0.6417
Epoch  72/300  train=6.826e-01  rmse=1.7662  lr=1.0e-04  96s
  batch 10/33  loss=0.7500
  batch 20/33  loss=0.6374
  batch 30/33  loss=0.5117
Epoch  73/300  train=6.533e-01  rmse=1.8339  lr=1.0e-04  87s
  -> best  monitor=6.533e-01
  batch 10/33  loss=0.5827
  batch 20/33  loss=0.6506
  batch 30/33  loss=0.6634
Epoch  74/300  train=6.736e-01  rmse=1.9516  lr=1.0e-04  97s
  batch 10/33  loss=0.6228
  batch 20/33  loss=0.7100
  batch 30/33  loss=0.7347
Epoch  75/300  train=6.839e-01  rmse=1.9709  lr=1.0e-04  89s
  batch 10/33  loss=0.6444
  batch 20/33  loss=0.5877
  batch 30/33  loss=0.6210
Epoch  76/300  train=6.630e-01  rmse=1.7266  lr=1.0e-04  87s
  batch 10/33  loss=0.5760
  batch 20/33  loss=0.6834
  batch 30/33  loss=0.7519
Epoch  77/300  train=6.706e-01  rmse=1.8278  lr=1.0e-04  87s
  batch 10/33  loss=0.6170
  batch 20/33  loss=0.7278
  batch 30/33  loss=0.7735
Epoch  78/300  train=6.707e-01  rmse=1.9640  lr=1.0e-04  91s
  batch 10/33  loss=0.6125
  batch 20/33  loss=0.6796
  batch 30/33  loss=0.6367
Epoch  79/300  train=6.499e-01  rmse=1.4230  lr=1.0e-04  90s
  -> best  monitor=6.499e-01
  batch 10/33  loss=0.5461
  batch 20/33  loss=0.5855
  batch 30/33  loss=0.7015
Epoch  80/300  train=6.422e-01  rmse=1.6985  lr=1.0e-04  86s
  -> best  monitor=6.422e-01
  batch 10/33  loss=0.7170
  batch 20/33  loss=0.5911
  batch 30/33  loss=0.7681
Epoch  81/300  train=6.465e-01  rmse=1.7152  lr=1.0e-04  91s
  batch 10/33  loss=0.7737
  batch 20/33  loss=0.6019
  batch 30/33  loss=0.7168
Epoch  82/300  train=6.652e-01  rmse=1.9208  lr=1.0e-04  87s
  batch 10/33  loss=0.7203
  batch 20/33  loss=0.5564
  batch 30/33  loss=0.7619
Epoch  83/300  train=6.548e-01  rmse=1.8136  lr=1.0e-04  103s
  batch 10/33  loss=0.6551
  batch 20/33  loss=0.5482
  batch 30/33  loss=0.6654
Epoch  84/300  train=6.383e-01  rmse=1.6196  lr=1.0e-04  86s
  -> best  monitor=6.383e-01
  batch 10/33  loss=0.6886
  batch 20/33  loss=0.9247
  batch 30/33  loss=0.6356
Epoch  85/300  train=6.479e-01  rmse=1.6953  lr=1.0e-04  87s
  batch 10/33  loss=0.5720
  batch 20/33  loss=0.5886
  batch 30/33  loss=0.5871
Epoch  86/300  train=6.393e-01  rmse=1.8783  lr=1.0e-04  86s
  batch 10/33  loss=0.7068
  batch 20/33  loss=0.8025
  batch 30/33  loss=0.6318
Epoch  87/300  train=6.429e-01  rmse=1.7216  lr=1.0e-04  95s
  batch 10/33  loss=0.5389
  batch 20/33  loss=0.6601
  batch 30/33  loss=0.5180
Epoch  88/300  train=6.426e-01  rmse=1.5638  lr=1.0e-04  87s
  batch 10/33  loss=0.5566
  batch 20/33  loss=0.6189
  batch 30/33  loss=0.6546
Epoch  89/300  train=6.329e-01  rmse=1.9796  lr=1.0e-04  87s
  -> best  monitor=6.329e-01
  batch 10/33  loss=0.7431
  batch 20/33  loss=0.7189
  batch 30/33  loss=0.5831
Epoch  90/300  train=6.407e-01  rmse=1.9206  lr=1.0e-04  86s
  batch 10/33  loss=0.5763
  batch 20/33  loss=0.6196
  batch 30/33  loss=0.5802
Epoch  91/300  train=6.298e-01  rmse=1.7986  lr=1.0e-04  86s
  -> best  monitor=6.298e-01
  batch 10/33  loss=0.6492
  batch 20/33  loss=0.5478
  batch 30/33  loss=0.6450
Epoch  92/300  train=6.154e-01  rmse=1.5436  lr=1.0e-04  86s
  -> best  monitor=6.154e-01
  batch 10/33  loss=0.5916
  batch 20/33  loss=0.6288
  batch 30/33  loss=0.6743
Epoch  93/300  train=6.270e-01  rmse=1.9101  lr=1.0e-04  87s
  batch 10/33  loss=0.5302
  batch 20/33  loss=0.7342
  batch 30/33  loss=0.5710
Epoch  94/300  train=6.330e-01  rmse=1.6523  lr=1.0e-04  86s
  batch 10/33  loss=0.6192
  batch 20/33  loss=0.5117
  batch 30/33  loss=0.5390
Epoch  95/300  train=6.372e-01  rmse=1.6954  lr=1.0e-04  86s
  batch 10/33  loss=0.7765
  batch 20/33  loss=0.9237
  batch 30/33  loss=0.5553
Epoch  96/300  train=6.350e-01  rmse=1.7288  lr=1.0e-04  89s
  batch 10/33  loss=0.6666
  batch 20/33  loss=0.5337
  batch 30/33  loss=0.6668
Epoch  97/300  train=6.161e-01  rmse=1.7478  lr=1.0e-04  86s
  batch 10/33  loss=0.7214
  batch 20/33  loss=0.5847
  batch 30/33  loss=0.6010
Epoch  98/300  train=6.131e-01  rmse=1.4051  lr=1.0e-04  86s
  -> best  monitor=6.131e-01
  batch 10/33  loss=0.9040
  batch 20/33  loss=0.5773
  batch 30/33  loss=0.8558
Epoch  99/300  train=6.248e-01  rmse=1.4856  lr=1.0e-04  86s
  batch 10/33  loss=0.6563
  batch 20/33  loss=0.5339
  batch 30/33  loss=0.7067
Epoch 100/300  train=6.196e-01  rmse=1.8389  lr=1.0e-04  86s
  batch 10/33  loss=0.5753
  batch 20/33  loss=0.7352
  batch 30/33  loss=0.5713
Epoch 101/300  train=6.248e-01  rmse=1.5782  lr=1.0e-04  87s
  batch 10/33  loss=0.6350
  batch 20/33  loss=0.6958
  batch 30/33  loss=0.6419
Epoch 102/300  train=6.166e-01  rmse=1.6901  lr=1.0e-04  87s
  batch 10/33  loss=0.4462
  batch 20/33  loss=0.5428
  batch 30/33  loss=0.5160
Epoch 103/300  train=5.991e-01  rmse=1.3917  lr=1.0e-04  87s
  -> best  monitor=5.991e-01
  batch 10/33  loss=0.4485
  batch 20/33  loss=0.4942
  batch 30/33  loss=0.6763
Epoch 104/300  train=6.060e-01  rmse=1.6525  lr=1.0e-04  86s
  batch 10/33  loss=0.5159
  batch 20/33  loss=0.5371
  batch 30/33  loss=0.6022
Epoch 105/300  train=6.099e-01  rmse=1.7842  lr=1.0e-04  120s
  batch 10/33  loss=0.5763
  batch 20/33  loss=0.5478
  batch 30/33  loss=0.5997
Epoch 106/300  train=6.047e-01  rmse=1.7595  lr=1.0e-04  88s
  batch 10/33  loss=0.5328
  batch 20/33  loss=0.5175
  batch 30/33  loss=0.5102
Epoch 107/300  train=5.969e-01  rmse=1.6136  lr=1.0e-04  87s
  -> best  monitor=5.969e-01
  batch 10/33  loss=0.7360
  batch 20/33  loss=0.5753
  batch 30/33  loss=0.6781
Epoch 108/300  train=6.166e-01  rmse=1.7797  lr=1.0e-04  87s
  batch 10/33  loss=0.5085
  batch 20/33  loss=0.7121
  batch 30/33  loss=0.6191
Epoch 109/300  train=6.012e-01  rmse=1.4935  lr=1.0e-04  85s
  batch 10/33  loss=0.6646
  batch 20/33  loss=0.5402
  batch 30/33  loss=0.5373
Epoch 110/300  train=6.000e-01  rmse=1.6163  lr=1.0e-04  86s
  batch 10/33  loss=0.5041
  batch 20/33  loss=0.6092
  batch 30/33  loss=0.6296
Epoch 111/300  train=5.980e-01  rmse=1.7740  lr=1.0e-04  86s
  batch 10/33  loss=0.7771
  batch 20/33  loss=0.6653
  batch 30/33  loss=0.6124
Epoch 112/300  train=5.899e-01  rmse=1.6363  lr=1.0e-04  86s
  -> best  monitor=5.899e-01
  batch 10/33  loss=0.5881
  batch 20/33  loss=0.5954
  batch 30/33  loss=0.7480
Epoch 113/300  train=5.998e-01  rmse=1.6084  lr=1.0e-04  86s
  batch 10/33  loss=0.5374
  batch 20/33  loss=0.5984
  batch 30/33  loss=0.6473
Epoch 114/300  train=5.896e-01  rmse=1.4695  lr=1.0e-04  86s
  -> best  monitor=5.896e-01
  batch 10/33  loss=0.4259
  batch 20/33  loss=0.5335
  batch 30/33  loss=0.5445
Epoch 115/300  train=5.863e-01  rmse=1.5526  lr=1.0e-04  88s
  -> best  monitor=5.863e-01
  batch 10/33  loss=0.5207
  batch 20/33  loss=0.8288
  batch 30/33  loss=0.5705
Epoch 116/300  train=6.016e-01  rmse=1.6364  lr=1.0e-04  91s
  batch 10/33  loss=0.6275
  batch 20/33  loss=0.5192
  batch 30/33  loss=0.7211
Epoch 117/300  train=5.804e-01  rmse=1.4644  lr=1.0e-04  87s
  -> best  monitor=5.804e-01
  batch 10/33  loss=0.7587
  batch 20/33  loss=0.5617
  batch 30/33  loss=0.5246
Epoch 118/300  train=5.879e-01  rmse=1.6356  lr=1.0e-04  87s
  batch 10/33  loss=0.6783
  batch 20/33  loss=0.4617
  batch 30/33  loss=0.6515
Epoch 119/300  train=6.032e-01  rmse=1.6619  lr=1.0e-04  86s
  batch 10/33  loss=0.5240
  batch 20/33  loss=0.5924
  batch 30/33  loss=0.5246
Epoch 120/300  train=5.921e-01  rmse=1.7117  lr=1.0e-04  87s
  batch 10/33  loss=0.6373
  batch 20/33  loss=0.7127
  batch 30/33  loss=0.5301
Epoch 121/300  train=5.945e-01  rmse=1.7964  lr=1.0e-04  86s
  batch 10/33  loss=0.6437
  batch 20/33  loss=0.5937
  batch 30/33  loss=0.8378
Epoch 122/300  train=5.803e-01  rmse=1.6618  lr=1.0e-04  86s
  -> best  monitor=5.803e-01
  batch 10/33  loss=0.5197
  batch 20/33  loss=0.3974
  batch 30/33  loss=0.5208
Epoch 123/300  train=5.970e-01  rmse=1.7169  lr=1.0e-04  86s
  batch 10/33  loss=0.6502
  batch 20/33  loss=0.5263
  batch 30/33  loss=0.5173
Epoch 124/300  train=5.917e-01  rmse=1.3798  lr=1.0e-04  114s
  batch 10/33  loss=0.6488
  batch 20/33  loss=0.7207
  batch 30/33  loss=0.5580
Epoch 125/300  train=5.795e-01  rmse=1.4754  lr=1.0e-04  111s
  -> best  monitor=5.795e-01
  batch 10/33  loss=0.5083
  batch 20/33  loss=0.5593
  batch 30/33  loss=0.5363
Epoch 126/300  train=5.790e-01  rmse=1.3894  lr=1.0e-04  119s
  -> best  monitor=5.790e-01
  batch 10/33  loss=0.4998
  batch 20/33  loss=0.5768
  batch 30/33  loss=0.6800
Epoch 127/300  train=5.687e-01  rmse=1.3611  lr=1.0e-04  87s
  -> best  monitor=5.687e-01
  batch 10/33  loss=0.5483
  batch 20/33  loss=0.5022
  batch 30/33  loss=0.7262
Epoch 128/300  train=5.814e-01  rmse=1.6355  lr=1.0e-04  86s
  batch 10/33  loss=0.6214
  batch 20/33  loss=0.5507
  batch 30/33  loss=0.5380
Epoch 129/300  train=5.643e-01  rmse=1.4998  lr=1.0e-04  104s
  -> best  monitor=5.643e-01
  batch 10/33  loss=0.5101
  batch 20/33  loss=0.5774
  batch 30/33  loss=0.5956
Epoch 130/300  train=5.797e-01  rmse=1.4236  lr=1.0e-04  87s
  batch 10/33  loss=0.5370
  batch 20/33  loss=0.6224
  batch 30/33  loss=0.6844
Epoch 131/300  train=5.816e-01  rmse=1.5058  lr=1.0e-04  135s
  batch 10/33  loss=0.7960
  batch 20/33  loss=0.5097
  batch 30/33  loss=0.6639
Epoch 132/300  train=5.827e-01  rmse=1.9080  lr=1.0e-04  106s
  batch 10/33  loss=0.4658
  batch 20/33  loss=0.4937
  batch 30/33  loss=0.5913
Epoch 133/300  train=5.765e-01  rmse=1.6794  lr=1.0e-04  124s
  batch 10/33  loss=0.6420
  batch 20/33  loss=0.6179
  batch 30/33  loss=0.4736
Epoch 134/300  train=5.742e-01  rmse=1.7799  lr=1.0e-04  96s
  batch 10/33  loss=0.8513
  batch 20/33  loss=0.5542
  batch 30/33  loss=0.6811
Epoch 135/300  train=5.878e-01  rmse=1.6361  lr=1.0e-04  101s
  batch 10/33  loss=0.5109
  batch 20/33  loss=0.5201
  batch 30/33  loss=0.5719
Epoch 136/300  train=5.751e-01  rmse=1.8266  lr=1.0e-04  135s
  batch 10/33  loss=0.5201
  batch 20/33  loss=0.5405
  batch 30/33  loss=0.6231
Epoch 137/300  train=5.641e-01  rmse=1.3847  lr=1.0e-04  89s
  -> best  monitor=5.641e-01
  batch 10/33  loss=0.5667
  batch 20/33  loss=0.4641
  batch 30/33  loss=0.6192
Epoch 138/300  train=5.624e-01  rmse=1.4352  lr=1.0e-04  132s
  -> best  monitor=5.624e-01
  batch 10/33  loss=0.4922
  batch 20/33  loss=0.6214
  batch 30/33  loss=0.5196
Epoch 139/300  train=5.563e-01  rmse=1.7500  lr=1.0e-04  86s
  -> best  monitor=5.563e-01
  batch 10/33  loss=0.5450
  batch 20/33  loss=0.5328
  batch 30/33  loss=0.7555
Epoch 140/300  train=5.700e-01  rmse=1.6569  lr=1.0e-04  87s
  batch 10/33  loss=0.5432
  batch 20/33  loss=0.5825
  batch 30/33  loss=0.6731
Epoch 141/300  train=5.753e-01  rmse=1.5347  lr=1.0e-04  86s
  batch 10/33  loss=0.5635
  batch 20/33  loss=0.6154
  batch 30/33  loss=0.4584
Epoch 142/300  train=5.588e-01  rmse=1.4487  lr=1.0e-04  86s
  batch 10/33  loss=0.5006
  batch 20/33  loss=0.5481
  batch 30/33  loss=0.6034
Epoch 143/300  train=5.580e-01  rmse=1.6299  lr=1.0e-04  87s
  batch 10/33  loss=0.6152
  batch 20/33  loss=0.4943
  batch 30/33  loss=0.4993
Epoch 144/300  train=5.610e-01  rmse=1.5527  lr=1.0e-04  87s
  batch 10/33  loss=0.4870
  batch 20/33  loss=0.5381
  batch 30/33  loss=0.5598
Epoch 145/300  train=5.569e-01  rmse=1.4272  lr=1.0e-04  86s
  batch 10/33  loss=0.6247
  batch 20/33  loss=0.5443
  batch 30/33  loss=0.5650
Epoch 146/300  train=5.637e-01  rmse=1.4706  lr=1.0e-04  86s
  batch 10/33  loss=0.5549
  batch 20/33  loss=0.6079
  batch 30/33  loss=0.4623
Epoch 147/300  train=5.602e-01  rmse=1.5043  lr=1.0e-04  86s
  batch 10/33  loss=0.5520
  batch 20/33  loss=0.5313
  batch 30/33  loss=0.4993
Epoch 148/300  train=5.503e-01  rmse=1.5385  lr=1.0e-04  94s
  -> best  monitor=5.503e-01
  batch 10/33  loss=0.5784
  batch 20/33  loss=0.5694
  batch 30/33  loss=0.5600
Epoch 149/300  train=5.598e-01  rmse=1.4107  lr=1.0e-04  86s
  batch 10/33  loss=0.5706
  batch 20/33  loss=0.7070
  batch 30/33  loss=0.5330
Epoch 150/300  train=5.569e-01  rmse=1.5597  lr=1.0e-04  86s
  batch 10/33  loss=0.5017
  batch 20/33  loss=0.5225
  batch 30/33  loss=0.5363
Epoch 151/300  train=5.525e-01  rmse=1.5408  lr=1.0e-04  86s
  batch 10/33  loss=0.6607
  batch 20/33  loss=0.4793
  batch 30/33  loss=0.4649
Epoch 152/300  train=5.423e-01  rmse=1.4994  lr=1.0e-04  104s
  -> best  monitor=5.423e-01
  batch 10/33  loss=0.5633
  batch 20/33  loss=0.5382
  batch 30/33  loss=0.4587
Epoch 153/300  train=5.536e-01  rmse=1.3704  lr=1.0e-04  86s
  batch 10/33  loss=0.5668
  batch 20/33  loss=0.6439
  batch 30/33  loss=0.4677
Epoch 154/300  train=5.495e-01  rmse=1.2744  lr=1.0e-04  88s
  batch 10/33  loss=0.6102
  batch 20/33  loss=0.4952
  batch 30/33  loss=0.6062
Epoch 155/300  train=5.650e-01  rmse=1.5203  lr=1.0e-04  86s
  batch 10/33  loss=0.5130
  batch 20/33  loss=0.4870
  batch 30/33  loss=0.5656
Epoch 156/300  train=5.510e-01  rmse=1.3162  lr=1.0e-04  114s
  batch 10/33  loss=0.4363
  batch 20/33  loss=0.6250
  batch 30/33  loss=0.6915
Epoch 157/300  train=5.587e-01  rmse=1.4328  lr=1.0e-04  87s
  batch 10/33  loss=0.4470
  batch 20/33  loss=0.7021
  batch 30/33  loss=0.5061
Epoch 158/300  train=5.525e-01  rmse=1.5943  lr=1.0e-04  88s
  batch 10/33  loss=0.5841
  batch 20/33  loss=0.5369
  batch 30/33  loss=0.6664
Epoch 159/300  train=5.481e-01  rmse=1.4720  lr=1.0e-04  85s
  batch 10/33  loss=0.5485
  batch 20/33  loss=0.5593
  batch 30/33  loss=0.4800
Epoch 160/300  train=5.648e-01  rmse=1.6172  lr=1.0e-04  87s
  batch 10/33  loss=0.5875
  batch 20/33  loss=0.5549
  batch 30/33  loss=0.5277
Epoch 161/300  train=5.412e-01  rmse=1.2396  lr=1.0e-04  88s
  -> best  monitor=5.412e-01
  batch 10/33  loss=0.5455
  batch 20/33  loss=0.4525
  batch 30/33  loss=0.5426
Epoch 162/300  train=5.431e-01  rmse=1.4843  lr=1.0e-04  88s
  batch 10/33  loss=0.5889
  batch 20/33  loss=0.6723
  batch 30/33  loss=0.5831
Epoch 163/300  train=5.410e-01  rmse=1.5837  lr=1.0e-04  86s
  -> best  monitor=5.410e-01
  batch 10/33  loss=0.5338
  batch 20/33  loss=0.4728
  batch 30/33  loss=0.5062
Epoch 164/300  train=5.421e-01  rmse=1.5493  lr=1.0e-04  87s
  batch 10/33  loss=0.4852
  batch 20/33  loss=0.5484
  batch 30/33  loss=0.6098
Epoch 165/300  train=5.385e-01  rmse=1.1890  lr=1.0e-04  86s
  -> best  monitor=5.385e-01
  batch 10/33  loss=0.6325
  batch 20/33  loss=0.4365
  batch 30/33  loss=0.5210
Epoch 166/300  train=5.429e-01  rmse=1.6020  lr=1.0e-04  88s
  batch 10/33  loss=0.5322
  batch 20/33  loss=0.5024
  batch 30/33  loss=0.5056
Epoch 167/300  train=5.426e-01  rmse=1.4085  lr=1.0e-04  140s
  batch 10/33  loss=0.4825
  batch 20/33  loss=0.5967
  batch 30/33  loss=0.6287
Epoch 168/300  train=5.234e-01  rmse=1.3508  lr=1.0e-04  108s
  -> best  monitor=5.234e-01
  batch 10/33  loss=0.6035
  batch 20/33  loss=0.5292
  batch 30/33  loss=0.4780
Epoch 169/300  train=5.317e-01  rmse=1.3242  lr=1.0e-04  86s
  batch 10/33  loss=0.4676
  batch 20/33  loss=0.5337
  batch 30/33  loss=0.6223
Epoch 170/300  train=5.554e-01  rmse=1.4769  lr=1.0e-04  91s
  batch 10/33  loss=0.4714
  batch 20/33  loss=0.6451
  batch 30/33  loss=0.5517
Epoch 171/300  train=5.390e-01  rmse=1.4823  lr=1.0e-04  91s
  batch 10/33  loss=0.4966
  batch 20/33  loss=0.4642
  batch 30/33  loss=0.4120
Epoch 172/300  train=5.331e-01  rmse=1.3837  lr=1.0e-04  117s
  batch 10/33  loss=0.5532
  batch 20/33  loss=0.5001
  batch 30/33  loss=0.4597
Epoch 173/300  train=5.372e-01  rmse=1.4813  lr=1.0e-04  102s
  batch 10/33  loss=0.4391
  batch 20/33  loss=0.5608
  batch 30/33  loss=0.6020
Epoch 174/300  train=5.363e-01  rmse=1.3548  lr=1.0e-04  106s
  batch 10/33  loss=0.5027
  batch 20/33  loss=0.5182
  batch 30/33  loss=0.5005
Epoch 175/300  train=5.402e-01  rmse=1.4918  lr=1.0e-04  95s
  batch 10/33  loss=0.5084
  batch 20/33  loss=0.4951
  batch 30/33  loss=0.4309
Epoch 176/300  train=5.265e-01  rmse=1.4256  lr=1.0e-04  110s
  batch 10/33  loss=0.5197
  batch 20/33  loss=0.5155
  batch 30/33  loss=0.5209
Epoch 177/300  train=5.303e-01  rmse=1.3396  lr=1.0e-04  122s
  batch 10/33  loss=0.4476
  batch 20/33  loss=0.5391
  batch 30/33  loss=0.5418
Epoch 178/300  train=5.348e-01  rmse=1.5131  lr=1.0e-04  101s
  batch 10/33  loss=0.4139
  batch 20/33  loss=0.5372
  batch 30/33  loss=0.5613
Epoch 179/300  train=5.340e-01  rmse=1.4462  lr=5.0e-05  100s
  batch 10/33  loss=0.5339
  batch 20/33  loss=0.6545
  batch 30/33  loss=0.4356
Epoch 180/300  train=5.275e-01  rmse=1.5475  lr=5.0e-05  90s
  batch 10/33  loss=0.4653
  batch 20/33  loss=0.6324
  batch 30/33  loss=0.5892
Epoch 181/300  train=5.226e-01  rmse=1.4696  lr=5.0e-05  91s
  -> best  monitor=5.226e-01
  batch 10/33  loss=0.5221
  batch 20/33  loss=0.5641
  batch 30/33  loss=0.4319
Epoch 182/300  train=5.180e-01  rmse=1.5051  lr=5.0e-05  98s
  -> best  monitor=5.180e-01
  batch 10/33  loss=0.5609
  batch 20/33  loss=0.5584
  batch 30/33  loss=0.4858
Epoch 183/300  train=5.211e-01  rmse=1.3648  lr=5.0e-05  94s
  batch 10/33  loss=0.5039
  batch 20/33  loss=0.5299
  batch 30/33  loss=0.5018
Epoch 184/300  train=5.229e-01  rmse=1.4359  lr=5.0e-05  120s
  batch 10/33  loss=0.4669
  batch 20/33  loss=0.4302
  batch 30/33  loss=0.6430
Epoch 185/300  train=5.172e-01  rmse=1.3006  lr=5.0e-05  86s
  -> best  monitor=5.172e-01
  batch 10/33  loss=0.4470
  batch 20/33  loss=0.5524
  batch 30/33  loss=0.5159
Epoch 186/300  train=5.186e-01  rmse=1.3541  lr=5.0e-05  87s
  batch 10/33  loss=0.5969
  batch 20/33  loss=0.4694
  batch 30/33  loss=0.4901
Epoch 187/300  train=5.220e-01  rmse=1.1446  lr=5.0e-05  135s
  batch 10/33  loss=0.5024
  batch 20/33  loss=0.4639
  batch 30/33  loss=0.4032
Epoch 188/300  train=5.076e-01  rmse=1.4112  lr=5.0e-05  109s
  -> best  monitor=5.076e-01
  batch 10/33  loss=0.4620
  batch 20/33  loss=0.4886
  batch 30/33  loss=0.6505
Epoch 189/300  train=5.200e-01  rmse=1.4329  lr=5.0e-05  109s
  batch 10/33  loss=0.6097
  batch 20/33  loss=0.4283
  batch 30/33  loss=0.4841
Epoch 190/300  train=5.214e-01  rmse=1.2662  lr=5.0e-05  122s
  batch 10/33  loss=0.5351
  batch 20/33  loss=0.4443
  batch 30/33  loss=0.5896
Epoch 191/300  train=5.104e-01  rmse=1.2666  lr=5.0e-05  86s
  batch 10/33  loss=0.5187
  batch 20/33  loss=0.4720
  batch 30/33  loss=0.5393
Epoch 192/300  train=5.162e-01  rmse=1.4039  lr=5.0e-05  148s
  batch 10/33  loss=0.5057
  batch 20/33  loss=0.5417
  batch 30/33  loss=0.4464
Epoch 193/300  train=5.140e-01  rmse=1.1732  lr=5.0e-05  126s
  batch 10/33  loss=0.4948
  batch 20/33  loss=0.4587
  batch 30/33  loss=0.4951
Epoch 194/300  train=5.184e-01  rmse=1.3295  lr=5.0e-05  116s
  batch 10/33  loss=0.5871
  batch 20/33  loss=0.5298
  batch 30/33  loss=0.4663
Epoch 195/300  train=5.056e-01  rmse=1.3019  lr=5.0e-05  90s
  -> best  monitor=5.056e-01
  batch 10/33  loss=0.4842
  batch 20/33  loss=0.5563
  batch 30/33  loss=0.4227
Epoch 196/300  train=5.112e-01  rmse=1.2748  lr=5.0e-05  86s
  batch 10/33  loss=0.3784
  batch 20/33  loss=0.5937
  batch 30/33  loss=0.5508
Epoch 197/300  train=5.108e-01  rmse=1.1989  lr=5.0e-05  86s
  batch 10/33  loss=0.4983
  batch 20/33  loss=0.5597
  batch 30/33  loss=0.5258
Epoch 198/300  train=5.193e-01  rmse=1.5035  lr=5.0e-05  85s
  batch 10/33  loss=0.5658
  batch 20/33  loss=0.4562
  batch 30/33  loss=0.4661
Epoch 199/300  train=4.995e-01  rmse=1.2934  lr=5.0e-05  87s
  -> best  monitor=4.995e-01
  batch 10/33  loss=0.5013
  batch 20/33  loss=0.6638
  batch 30/33  loss=0.4455
Epoch 200/300  train=5.028e-01  rmse=1.2147  lr=5.0e-05  86s
  batch 10/33  loss=0.5179
  batch 20/33  loss=0.5038
  batch 30/33  loss=0.4859
Epoch 201/300  train=5.092e-01  rmse=1.4995  lr=5.0e-05  87s
  batch 10/33  loss=0.5127
  batch 20/33  loss=0.4784
  batch 30/33  loss=0.4584
Epoch 202/300  train=5.178e-01  rmse=1.3584  lr=5.0e-05  86s
  batch 10/33  loss=0.5213
  batch 20/33  loss=0.4722
  batch 30/33  loss=0.4763
Epoch 203/300  train=4.995e-01  rmse=1.1654  lr=5.0e-05  86s
  batch 10/33  loss=0.5699
  batch 20/33  loss=0.6008
  batch 30/33  loss=0.4837
Epoch 204/300  train=5.147e-01  rmse=1.1453  lr=5.0e-05  88s
  batch 10/33  loss=0.4719
  batch 20/33  loss=0.5468
  batch 30/33  loss=0.4890
Epoch 205/300  train=5.137e-01  rmse=1.4185  lr=5.0e-05  86s
  batch 10/33  loss=0.4640
  batch 20/33  loss=0.5720
  batch 30/33  loss=0.5492
Epoch 206/300  train=5.089e-01  rmse=1.2170  lr=5.0e-05  87s
  batch 10/33  loss=0.4410
  batch 20/33  loss=0.5080
  batch 30/33  loss=0.4996
Epoch 207/300  train=5.175e-01  rmse=1.3623  lr=5.0e-05  86s
  batch 10/33  loss=0.4440
  batch 20/33  loss=0.5604
  batch 30/33  loss=0.4869
Epoch 208/300  train=5.067e-01  rmse=1.0961  lr=5.0e-05  86s
  batch 10/33  loss=0.6283
  batch 20/33  loss=0.5350
  batch 30/33  loss=0.5026
Epoch 209/300  train=5.045e-01  rmse=1.5083  lr=5.0e-05  86s
  batch 10/33  loss=0.4324
  batch 20/33  loss=0.6003
  batch 30/33  loss=0.4941
Epoch 210/300  train=5.077e-01  rmse=1.3223  lr=2.5e-05  87s
  batch 10/33  loss=0.5116
  batch 20/33  loss=0.4690
  batch 30/33  loss=0.4839
Epoch 211/300  train=5.005e-01  rmse=1.3302  lr=2.5e-05  86s
  batch 10/33  loss=0.4205
  batch 20/33  loss=0.4627
  batch 30/33  loss=0.4878
Epoch 212/300  train=4.976e-01  rmse=1.2782  lr=2.5e-05  86s
  -> best  monitor=4.976e-01
  batch 10/33  loss=0.4554
  batch 20/33  loss=0.5660
  batch 30/33  loss=0.5024
Epoch 213/300  train=5.061e-01  rmse=1.3503  lr=2.5e-05  86s
  batch 10/33  loss=0.5237
  batch 20/33  loss=0.4268
  batch 30/33  loss=0.4832
Epoch 214/300  train=5.097e-01  rmse=1.4535  lr=2.5e-05  86s
  batch 10/33  loss=0.5099
  batch 20/33  loss=0.4776
  batch 30/33  loss=0.6547
Epoch 215/300  train=5.113e-01  rmse=1.4712  lr=2.5e-05  86s
  batch 10/33  loss=0.7187
  batch 20/33  loss=0.5406
  batch 30/33  loss=0.5027
Epoch 216/300  train=4.886e-01  rmse=1.2657  lr=2.5e-05  86s
  -> best  monitor=4.886e-01
  batch 10/33  loss=0.5329
  batch 20/33  loss=0.4813
  batch 30/33  loss=0.4720
Epoch 217/300  train=4.994e-01  rmse=1.1628  lr=2.5e-05  86s
  batch 10/33  loss=0.6232
  batch 20/33  loss=0.4733
  batch 30/33  loss=0.5551
Epoch 218/300  train=5.110e-01  rmse=1.5444  lr=2.5e-05  86s
  batch 10/33  loss=0.6002
  batch 20/33  loss=0.5352
  batch 30/33  loss=0.5298
Epoch 219/300  train=5.104e-01  rmse=1.3982  lr=2.5e-05  86s
  batch 10/33  loss=0.5919
  batch 20/33  loss=0.4779
  batch 30/33  loss=0.5606
Epoch 220/300  train=5.064e-01  rmse=1.3830  lr=2.5e-05  86s
  batch 10/33  loss=0.5196
  batch 20/33  loss=0.5958
  batch 30/33  loss=0.4265
Epoch 221/300  train=4.960e-01  rmse=1.4016  lr=2.5e-05  86s
  batch 10/33  loss=0.4209
  batch 20/33  loss=0.5963
  batch 30/33  loss=0.5039
Epoch 222/300  train=5.106e-01  rmse=1.5256  lr=2.5e-05  87s
  batch 10/33  loss=0.4336
  batch 20/33  loss=0.5010
  batch 30/33  loss=0.5145
Epoch 223/300  train=4.981e-01  rmse=1.2757  lr=2.5e-05  87s
  batch 10/33  loss=0.4381
  batch 20/33  loss=0.6017
  batch 30/33  loss=0.4863
Epoch 224/300  train=5.060e-01  rmse=1.2818  lr=2.5e-05  109s
  batch 10/33  loss=0.4828
  batch 20/33  loss=0.5265
  batch 30/33  loss=0.4482
Epoch 225/300  train=4.976e-01  rmse=1.1910  lr=2.5e-05  87s
  batch 10/33  loss=0.4806
  batch 20/33  loss=0.4662
  batch 30/33  loss=0.3984
Epoch 226/300  train=5.019e-01  rmse=1.4635  lr=2.5e-05  132s
  batch 10/33  loss=0.5796
  batch 20/33  loss=0.4584
  batch 30/33  loss=0.5500
Epoch 227/300  train=4.983e-01  rmse=1.2231  lr=1.3e-05  140s
  batch 10/33  loss=0.3980
  batch 20/33  loss=0.4895
  batch 30/33  loss=0.4413
Epoch 228/300  train=5.023e-01  rmse=1.2482  lr=1.3e-05  95s
  batch 10/33  loss=0.4903
  batch 20/33  loss=0.5126
  batch 30/33  loss=0.5091
Epoch 229/300  train=4.995e-01  rmse=1.3364  lr=1.3e-05  95s
  batch 10/33  loss=0.4445
  batch 20/33  loss=0.4244
  batch 30/33  loss=0.6019
Epoch 230/300  train=4.927e-01  rmse=1.4500  lr=1.3e-05  104s
  batch 10/33  loss=0.4726
  batch 20/33  loss=0.4982
  batch 30/33  loss=0.4894
Epoch 231/300  train=4.963e-01  rmse=1.1285  lr=1.3e-05  112s
  batch 10/33  loss=0.4437
  batch 20/33  loss=0.5481
  batch 30/33  loss=0.4883
Epoch 232/300  train=4.999e-01  rmse=1.3484  lr=1.3e-05  87s
  batch 10/33  loss=0.4720
  batch 20/33  loss=0.6596
  batch 30/33  loss=0.4319
Epoch 233/300  train=4.912e-01  rmse=1.2951  lr=1.3e-05  114s
  batch 10/33  loss=0.5619
  batch 20/33  loss=0.4973
  batch 30/33  loss=0.4232
Epoch 234/300  train=4.875e-01  rmse=1.1285  lr=1.3e-05  86s
  -> best  monitor=4.875e-01
  batch 10/33  loss=0.4880
  batch 20/33  loss=0.4870
  batch 30/33  loss=0.6399
Epoch 235/300  train=5.087e-01  rmse=1.3742  lr=1.3e-05  86s
  batch 10/33  loss=0.5688
  batch 20/33  loss=0.5745
  batch 30/33  loss=0.4259
Epoch 236/300  train=4.970e-01  rmse=1.3259  lr=1.3e-05  87s
  batch 10/33  loss=0.4703
  batch 20/33  loss=0.4926
  batch 30/33  loss=0.5160
Epoch 237/300  train=5.001e-01  rmse=1.2593  lr=1.3e-05  86s
  batch 10/33  loss=0.4909
  batch 20/33  loss=0.5357
  batch 30/33  loss=0.4942
Epoch 238/300  train=4.854e-01  rmse=1.1913  lr=1.3e-05  86s
  -> best  monitor=4.854e-01
  batch 10/33  loss=0.5139
  batch 20/33  loss=0.4945
  batch 30/33  loss=0.5203
Epoch 239/300  train=5.035e-01  rmse=1.3222  lr=1.3e-05  87s
  batch 10/33  loss=0.4026
  batch 20/33  loss=0.5297
  batch 30/33  loss=0.4964
Epoch 240/300  train=5.006e-01  rmse=1.4471  lr=1.3e-05  87s
  batch 10/33  loss=0.5132
  batch 20/33  loss=0.6106
  batch 30/33  loss=0.4785
Epoch 241/300  train=5.024e-01  rmse=1.3629  lr=1.3e-05  86s
  batch 10/33  loss=0.4182
  batch 20/33  loss=0.4627
  batch 30/33  loss=0.5779
Epoch 242/300  train=4.995e-01  rmse=1.3108  lr=1.3e-05  86s
  batch 10/33  loss=0.4998
  batch 20/33  loss=0.5164
  batch 30/33  loss=0.6239
Epoch 243/300  train=4.995e-01  rmse=1.2768  lr=1.3e-05  86s
  batch 10/33  loss=0.5855
  batch 20/33  loss=0.5683
  batch 30/33  loss=0.6212
Epoch 244/300  train=4.953e-01  rmse=1.3260  lr=1.3e-05  86s
  batch 10/33  loss=0.4747
  batch 20/33  loss=0.6044
  batch 30/33  loss=0.5332
Epoch 245/300  train=5.013e-01  rmse=1.4493  lr=1.3e-05  87s
  batch 10/33  loss=0.5071
  batch 20/33  loss=0.5887
  batch 30/33  loss=0.5056
Epoch 246/300  train=4.906e-01  rmse=1.3033  lr=1.3e-05  86s
  batch 10/33  loss=0.4647
  batch 20/33  loss=0.4599
  batch 30/33  loss=0.4932
Epoch 247/300  train=4.883e-01  rmse=1.0676  lr=1.3e-05  87s
  batch 10/33  loss=0.5701
  batch 20/33  loss=0.5698
  batch 30/33  loss=0.4862
Epoch 248/300  train=5.039e-01  rmse=1.3202  lr=1.3e-05  86s
  batch 10/33  loss=0.5309
  batch 20/33  loss=0.3680
  batch 30/33  loss=0.4521
Epoch 249/300  train=4.939e-01  rmse=1.2420  lr=6.3e-06  86s
  batch 10/33  loss=0.7469
  batch 20/33  loss=0.4541
  batch 30/33  loss=0.5571
Epoch 250/300  train=5.012e-01  rmse=1.3271  lr=6.3e-06  86s
  batch 10/33  loss=0.4336
  batch 20/33  loss=0.5890
  batch 30/33  loss=0.5926
Epoch 251/300  train=4.943e-01  rmse=1.1686  lr=6.3e-06  86s
  batch 10/33  loss=0.4606
  batch 20/33  loss=0.4771
  batch 30/33  loss=0.4202
Epoch 252/300  train=4.935e-01  rmse=1.0775  lr=6.3e-06  110s
  batch 10/33  loss=0.5506
  batch 20/33  loss=0.4516
  batch 30/33  loss=0.5117
Epoch 253/300  train=4.946e-01  rmse=1.2057  lr=6.3e-06  103s
  batch 10/33  loss=0.4635
  batch 20/33  loss=0.5239
  batch 30/33  loss=0.4155
Epoch 254/300  train=5.045e-01  rmse=1.4730  lr=6.3e-06  102s
  batch 10/33  loss=0.6142
  batch 20/33  loss=0.4620
  batch 30/33  loss=0.4648
Epoch 255/300  train=4.921e-01  rmse=1.2911  lr=6.3e-06  102s
  batch 10/33  loss=0.4721
  batch 20/33  loss=0.4467
  batch 30/33  loss=0.5535
Epoch 256/300  train=5.037e-01  rmse=1.2958  lr=6.3e-06  110s
  batch 10/33  loss=0.5110
  batch 20/33  loss=0.3682
  batch 30/33  loss=0.4432
Epoch 257/300  train=4.957e-01  rmse=1.2082  lr=6.3e-06  88s
  batch 10/33  loss=0.6148
  batch 20/33  loss=0.4335
  batch 30/33  loss=0.3947
Epoch 258/300  train=4.992e-01  rmse=1.2707  lr=6.3e-06  87s
  batch 10/33  loss=0.4731
  batch 20/33  loss=0.3883
  batch 30/33  loss=0.5619
Epoch 259/300  train=4.964e-01  rmse=1.5034  lr=6.3e-06  110s
  batch 10/33  loss=0.4809
  batch 20/33  loss=0.4964
  batch 30/33  loss=0.4590
Epoch 260/300  train=4.849e-01  rmse=1.1584  lr=6.3e-06  128s
  -> best  monitor=4.849e-01
  batch 10/33  loss=0.4268
  batch 20/33  loss=0.5970
  batch 30/33  loss=0.4002
Epoch 261/300  train=4.945e-01  rmse=1.1796  lr=6.3e-06  135s
  batch 10/33  loss=0.4457
  batch 20/33  loss=0.4934
  batch 30/33  loss=0.4707
Epoch 262/300  train=4.895e-01  rmse=1.2564  lr=6.3e-06  89s
  batch 10/33  loss=0.6525
  batch 20/33  loss=0.5215
  batch 30/33  loss=0.5009
Epoch 263/300  train=5.006e-01  rmse=1.3937  lr=6.3e-06  87s
  batch 10/33  loss=0.5528
  batch 20/33  loss=0.4397
  batch 30/33  loss=0.3895
Epoch 264/300  train=4.956e-01  rmse=1.3387  lr=6.3e-06  86s
  batch 10/33  loss=0.5555
  batch 20/33  loss=0.5805
  batch 30/33  loss=0.4799
Epoch 265/300  train=4.990e-01  rmse=1.4287  lr=6.3e-06  86s
  batch 10/33  loss=0.4692
  batch 20/33  loss=0.5596
  batch 30/33  loss=0.4512
Epoch 266/300  train=4.945e-01  rmse=1.5522  lr=6.3e-06  88s
  batch 10/33  loss=0.3974
  batch 20/33  loss=0.4860
  batch 30/33  loss=0.5249
Epoch 267/300  train=4.882e-01  rmse=1.1809  lr=6.3e-06  115s
  batch 10/33  loss=0.3825
  batch 20/33  loss=0.4577
  batch 30/33  loss=0.4953
Epoch 268/300  train=4.925e-01  rmse=1.1305  lr=6.3e-06  94s
  batch 10/33  loss=0.4927
  batch 20/33  loss=0.4858
  batch 30/33  loss=0.5047
Epoch 269/300  train=4.942e-01  rmse=1.3094  lr=6.3e-06  87s
  batch 10/33  loss=0.4786
  batch 20/33  loss=0.4970
  batch 30/33  loss=0.5105
Epoch 270/300  train=4.909e-01  rmse=1.4060  lr=6.3e-06  86s
  batch 10/33  loss=0.4686
  batch 20/33  loss=0.5204
  batch 30/33  loss=0.4287
Epoch 271/300  train=4.947e-01  rmse=1.3314  lr=3.1e-06  87s
  batch 10/33  loss=0.5719
  batch 20/33  loss=0.4710
  batch 30/33  loss=0.5761
Epoch 272/300  train=5.013e-01  rmse=1.4262  lr=3.1e-06  86s
  batch 10/33  loss=0.4361
  batch 20/33  loss=0.6055
  batch 30/33  loss=0.5556
Epoch 273/300  train=4.941e-01  rmse=1.2720  lr=3.1e-06  86s
  batch 10/33  loss=0.4440
  batch 20/33  loss=0.4599
  batch 30/33  loss=0.5128
Epoch 274/300  train=4.940e-01  rmse=1.5901  lr=3.1e-06  87s
  batch 10/33  loss=0.3981
  batch 20/33  loss=0.4812
  batch 30/33  loss=0.5744
Epoch 275/300  train=4.921e-01  rmse=1.2930  lr=3.1e-06  86s
  batch 10/33  loss=0.6129
  batch 20/33  loss=0.4418
  batch 30/33  loss=0.4037
Epoch 276/300  train=4.930e-01  rmse=1.3829  lr=3.1e-06  87s
  batch 10/33  loss=0.4911
  batch 20/33  loss=0.4002
  batch 30/33  loss=0.4631
Epoch 277/300  train=4.893e-01  rmse=1.2608  lr=3.1e-06  86s
  batch 10/33  loss=0.4977
  batch 20/33  loss=0.5252
  batch 30/33  loss=0.4330
Epoch 278/300  train=4.845e-01  rmse=1.2338  lr=3.1e-06  86s
  -> best  monitor=4.845e-01
  batch 10/33  loss=0.4503
  batch 20/33  loss=0.4740
  batch 30/33  loss=0.4152
Epoch 279/300  train=4.946e-01  rmse=1.2814  lr=3.1e-06  87s
  batch 10/33  loss=0.6578
  batch 20/33  loss=0.4644
  batch 30/33  loss=0.5311
Epoch 280/300  train=4.910e-01  rmse=1.0705  lr=3.1e-06  86s
  batch 10/33  loss=0.4928
  batch 20/33  loss=0.4396
  batch 30/33  loss=0.4817
Epoch 281/300  train=4.969e-01  rmse=1.2281  lr=3.1e-06  86s
  batch 10/33  loss=0.5209
  batch 20/33  loss=0.5230
  batch 30/33  loss=0.4382
Epoch 282/300  train=4.927e-01  rmse=1.1983  lr=3.1e-06  87s
  batch 10/33  loss=0.4983
  batch 20/33  loss=0.4988
  batch 30/33  loss=0.4984
Epoch 283/300  train=4.986e-01  rmse=1.3893  lr=3.1e-06  87s
  batch 10/33  loss=0.6117
  batch 20/33  loss=0.3710
  batch 30/33  loss=0.4494
Epoch 284/300  train=4.841e-01  rmse=1.2547  lr=3.1e-06  87s
  -> best  monitor=4.841e-01
  batch 10/33  loss=0.4713
  batch 20/33  loss=0.4269
  batch 30/33  loss=0.5920
Epoch 285/300  train=4.985e-01  rmse=1.3890  lr=3.1e-06  104s
  batch 10/33  loss=0.5750
  batch 20/33  loss=0.5887
  batch 30/33  loss=0.5455
Epoch 286/300  train=4.892e-01  rmse=1.2891  lr=3.1e-06  141s
  batch 10/33  loss=0.5232
  batch 20/33  loss=0.4859
  batch 30/33  loss=0.4639
Epoch 287/300  train=4.940e-01  rmse=1.4022  lr=3.1e-06  96s
  batch 10/33  loss=0.4380
  batch 20/33  loss=0.4438
  batch 30/33  loss=0.6035
Epoch 288/300  train=4.911e-01  rmse=1.0710  lr=3.1e-06  127s
  batch 10/33  loss=0.4971
  batch 20/33  loss=0.5365
  batch 30/33  loss=0.4667
Epoch 289/300  train=4.928e-01  rmse=1.2902  lr=3.1e-06  117s
  batch 10/33  loss=0.3752
  batch 20/33  loss=0.4859
  batch 30/33  loss=0.5106
Epoch 290/300  train=4.978e-01  rmse=1.3958  lr=3.1e-06  87s
  batch 10/33  loss=0.3645
  batch 20/33  loss=0.4572
  batch 30/33  loss=0.4270
Epoch 291/300  train=4.872e-01  rmse=1.3736  lr=3.1e-06  108s
  batch 10/33  loss=0.4500
  batch 20/33  loss=0.4533
  batch 30/33  loss=0.4338
Epoch 292/300  train=5.053e-01  rmse=1.3429  lr=3.1e-06  85s
  batch 10/33  loss=0.5376
  batch 20/33  loss=0.5730
  batch 30/33  loss=0.4714
Epoch 293/300  train=4.877e-01  rmse=1.2795  lr=3.1e-06  95s
  batch 10/33  loss=0.4739
  batch 20/33  loss=0.5740
  batch 30/33  loss=0.5967
Epoch 294/300  train=4.918e-01  rmse=1.5354  lr=3.1e-06  106s
  batch 10/33  loss=0.5138
  batch 20/33  loss=0.5103
  batch 30/33  loss=0.5639
Epoch 295/300  train=4.873e-01  rmse=1.2842  lr=1.6e-06  87s
  batch 10/33  loss=0.4443
  batch 20/33  loss=0.4825
  batch 30/33  loss=0.5599
Epoch 296/300  train=4.982e-01  rmse=1.2734  lr=1.6e-06  157s
  batch 10/33  loss=0.5706
  batch 20/33  loss=0.5058
  batch 30/33  loss=0.4251
Epoch 297/300  train=4.977e-01  rmse=1.3078  lr=1.6e-06  83s
  batch 10/33  loss=0.4646
  batch 20/33  loss=0.5588
  batch 30/33  loss=0.4783
Epoch 298/300  train=4.854e-01  rmse=1.1081  lr=1.6e-06  73s
  batch 10/33  loss=0.4908
  batch 20/33  loss=0.4760
  batch 30/33  loss=0.4912
Epoch 299/300  train=4.924e-01  rmse=1.1855  lr=1.6e-06  106s
  batch 10/33  loss=0.4799
  batch 20/33  loss=0.4501
  batch 30/33  loss=0.4142
Epoch 300/300  train=4.962e-01  rmse=1.4355  lr=1.6e-06  108s

Test evaluation (best checkpoint)...
Test (RMSE / MAE in μg/m³):
  total: 1.319598
  main: 0.224458
  nonneg: 0.000000
  smooth: 0.000000
  anom: 0.085359
  grad: 0.003046
  pattern: 0.444915
  spectral: 0.561821
  var: 0.000000
  rmse: 2.964873
  rmse_low: 3.873547
  rmse_high: 0.488191
  mae: 1.356902

  z  Height(m)        R²
--------------------------
  0       15.0    0.1418  <- ~0-100m
  1       25.0    0.1815  <- ~0-100m
  2       35.0    0.0839  <- ~0-100m
  3       45.0    0.1177  <- ~0-100m
  4       55.0    0.2120  <- ~0-100m
  5       75.0    0.6204  <- ~0-100m
  6       95.0    0.8328  <- ~0-100m
  7      115.0    0.9115  <- ~0-100m
  8      135.0    0.9384
  9      155.0    0.9492
 10      175.0    0.9561
 11      195.0    0.9699
